Archive member included to satisfy reference by file (symbol)

a:/stm32/stm32/stm32cubeide_1.11.2/stm32cubeide/plugins/com.st.stm32cube.ide.mcu.externaltools.gnu-tools-for-stm32.10.3-2021.10.win32_1.0.100.202210260954/tools/bin/../lib/gcc/arm-none-eabi/10.3.1/../../../../arm-none-eabi/lib/thumb/v7e-m+fp/hard\libc_nano.a(lib_a-errno.o)
                              ./Core/Src/syscalls.o (__errno)
a:/stm32/stm32/stm32cubeide_1.11.2/stm32cubeide/plugins/com.st.stm32cube.ide.mcu.externaltools.gnu-tools-for-stm32.10.3-2021.10.win32_1.0.100.202210260954/tools/bin/../lib/gcc/arm-none-eabi/10.3.1/../../../../arm-none-eabi/lib/thumb/v7e-m+fp/hard\libc_nano.a(lib_a-exit.o)
                              a:/stm32/stm32/stm32cubeide_1.11.2/stm32cubeide/plugins/com.st.stm32cube.ide.mcu.externaltools.gnu-tools-for-stm32.10.3-2021.10.win32_1.0.100.202210260954/tools/bin/../lib/gcc/arm-none-eabi/10.3.1/../../../../arm-none-eabi/lib/thumb/v7e-m+fp/hard/crt0.o (exit)
a:/stm32/stm32/stm32cubeide_1.11.2/stm32cubeide/plugins/com.st.stm32cube.ide.mcu.externaltools.gnu-tools-for-stm32.10.3-2021.10.win32_1.0.100.202210260954/tools/bin/../lib/gcc/arm-none-eabi/10.3.1/../../../../arm-none-eabi/lib/thumb/v7e-m+fp/hard\libc_nano.a(lib_a-impure.o)
                              a:/stm32/stm32/stm32cubeide_1.11.2/stm32cubeide/plugins/com.st.stm32cube.ide.mcu.externaltools.gnu-tools-for-stm32.10.3-2021.10.win32_1.0.100.202210260954/tools/bin/../lib/gcc/arm-none-eabi/10.3.1/../../../../arm-none-eabi/lib/thumb/v7e-m+fp/hard\libc_nano.a(lib_a-exit.o) (_global_impure_ptr)
a:/stm32/stm32/stm32cubeide_1.11.2/stm32cubeide/plugins/com.st.stm32cube.ide.mcu.externaltools.gnu-tools-for-stm32.10.3-2021.10.win32_1.0.100.202210260954/tools/bin/../lib/gcc/arm-none-eabi/10.3.1/../../../../arm-none-eabi/lib/thumb/v7e-m+fp/hard\libc_nano.a(lib_a-init.o)
                              a:/stm32/stm32/stm32cubeide_1.11.2/stm32cubeide/plugins/com.st.stm32cube.ide.mcu.externaltools.gnu-tools-for-stm32.10.3-2021.10.win32_1.0.100.202210260954/tools/bin/../lib/gcc/arm-none-eabi/10.3.1/../../../../arm-none-eabi/lib/thumb/v7e-m+fp/hard/crt0.o (__libc_init_array)
a:/stm32/stm32/stm32cubeide_1.11.2/stm32cubeide/plugins/com.st.stm32cube.ide.mcu.externaltools.gnu-tools-for-stm32.10.3-2021.10.win32_1.0.100.202210260954/tools/bin/../lib/gcc/arm-none-eabi/10.3.1/../../../../arm-none-eabi/lib/thumb/v7e-m+fp/hard\libc_nano.a(lib_a-memset.o)
                              a:/stm32/stm32/stm32cubeide_1.11.2/stm32cubeide/plugins/com.st.stm32cube.ide.mcu.externaltools.gnu-tools-for-stm32.10.3-2021.10.win32_1.0.100.202210260954/tools/bin/../lib/gcc/arm-none-eabi/10.3.1/../../../../arm-none-eabi/lib/thumb/v7e-m+fp/hard/crt0.o (memset)
a:/stm32/stm32/stm32cubeide_1.11.2/stm32cubeide/plugins/com.st.stm32cube.ide.mcu.externaltools.gnu-tools-for-stm32.10.3-2021.10.win32_1.0.100.202210260954/tools/bin/../lib/gcc/arm-none-eabi/10.3.1/thumb/v7e-m+fp/hard\libgcc.a(_aeabi_uldivmod.o)
                              ./Drivers/STM32F4xx_HAL_Driver/Src/stm32f4xx_hal_rcc.o (__aeabi_uldivmod)
a:/stm32/stm32/stm32cubeide_1.11.2/stm32cubeide/plugins/com.st.stm32cube.ide.mcu.externaltools.gnu-tools-for-stm32.10.3-2021.10.win32_1.0.100.202210260954/tools/bin/../lib/gcc/arm-none-eabi/10.3.1/thumb/v7e-m+fp/hard\libgcc.a(_udivmoddi4.o)
                              a:/stm32/stm32/stm32cubeide_1.11.2/stm32cubeide/plugins/com.st.stm32cube.ide.mcu.externaltools.gnu-tools-for-stm32.10.3-2021.10.win32_1.0.100.202210260954/tools/bin/../lib/gcc/arm-none-eabi/10.3.1/thumb/v7e-m+fp/hard\libgcc.a(_aeabi_uldivmod.o) (__udivmoddi4)
a:/stm32/stm32/stm32cubeide_1.11.2/stm32cubeide/plugins/com.st.stm32cube.ide.mcu.externaltools.gnu-tools-for-stm32.10.3-2021.10.win32_1.0.100.202210260954/tools/bin/../lib/gcc/arm-none-eabi/10.3.1/thumb/v7e-m+fp/hard\libgcc.a(_dvmd_tls.o)
                              a:/stm32/stm32/stm32cubeide_1.11.2/stm32cubeide/plugins/com.st.stm32cube.ide.mcu.externaltools.gnu-tools-for-stm32.10.3-2021.10.win32_1.0.100.202210260954/tools/bin/../lib/gcc/arm-none-eabi/10.3.1/thumb/v7e-m+fp/hard\libgcc.a(_aeabi_uldivmod.o) (__aeabi_ldiv0)

Discarded input sections

 .text          0x0000000000000000        0x0 a:/stm32/stm32/stm32cubeide_1.11.2/stm32cubeide/plugins/com.st.stm32cube.ide.mcu.externaltools.gnu-tools-for-stm32.10.3-2021.10.win32_1.0.100.202210260954/tools/bin/../lib/gcc/arm-none-eabi/10.3.1/thumb/v7e-m+fp/hard/crti.o
 .data          0x0000000000000000        0x0 a:/stm32/stm32/stm32cubeide_1.11.2/stm32cubeide/plugins/com.st.stm32cube.ide.mcu.externaltools.gnu-tools-for-stm32.10.3-2021.10.win32_1.0.100.202210260954/tools/bin/../lib/gcc/arm-none-eabi/10.3.1/thumb/v7e-m+fp/hard/crti.o
 .bss           0x0000000000000000        0x0 a:/stm32/stm32/stm32cubeide_1.11.2/stm32cubeide/plugins/com.st.stm32cube.ide.mcu.externaltools.gnu-tools-for-stm32.10.3-2021.10.win32_1.0.100.202210260954/tools/bin/../lib/gcc/arm-none-eabi/10.3.1/thumb/v7e-m+fp/hard/crti.o
[...]
Memory Configuration

Name             Origin             Length             Attributes
CCMRAM           0x0000000010000000 0x0000000000010000 xrw
RAM              0x0000000020000000 0x0000000000020000 xrw
FLASH            0x0000000008000000 0x0000000000100000 xr
*default*        0x0000000000000000 0xffffffffffffffff

Linker script and memory map

LOAD a:/stm32/stm32/stm32cubeide_1.11.2/stm32cubeide/plugins/com.st.stm32cube.ide.mcu.externaltools.gnu-tools-for-stm32.10.3-2021.10.win32_1.0.100.202210260954/tools/bin/../lib/gcc/arm-none-eabi/10.3.1/thumb/v7e-m+fp/hard/crti.o
LOAD a:/stm32/stm32/stm32cubeide_1.11.2/stm32cubeide/plugins/com.st.stm32cube.ide.mcu.externaltools.gnu-tools-for-stm32.10.3-2021.10.win32_1.0.100.202210260954/tools/bin/../lib/gcc/arm-none-eabi/10.3.1/thumb/v7e-m+fp/hard/crtbegin.o
LOAD a:/stm32/stm32/stm32cubeide_1.11.2/stm32cubeide/plugins/com.st.stm32cube.ide.mcu.externaltools.gnu-tools-for-stm32.10.3-2021.10.win32_1.0.100.202210260954/tools/bin/../lib/gcc/arm-none-eabi/10.3.1/../../../../arm-none-eabi/lib/thumb/v7e-m+fp/hard/crt0.o
LOAD ./Core/Src/global.o
LOAD ./Core/Src/main.o
LOAD ./Core/Src/stm32f4xx_hal_msp.o
LOAD ./Core/Src/stm32f4xx_it.o
LOAD ./Core/Src/syscalls.o
LOAD ./Core/Src/sysmem.o
LOAD ./Core/Src/system_stm32f4xx.o
LOAD ./Core/Src/timer.o
LOAD ./Core/Startup/startup_stm32f405rgtx.o
LOAD ./Drivers/STM32F4xx_HAL_Driver/Src/stm32f4xx_hal.o
LOAD ./Drivers/STM32F4xx_HAL_Driver/Src/stm32f4xx_hal_adc.o
LOAD ./Drivers/STM32F4xx_HAL_Driver/Src/stm32f4xx_hal_adc_ex.o
LOAD ./Drivers/STM32F4xx_HAL_Driver/Src/stm32f4xx_hal_can.o
LOAD ./Drivers/STM32F4xx_HAL_Driver/Src/stm32f4xx_hal_cortex.o
LOAD ./Drivers/STM32F4xx_HAL_Driver/Src/stm32f4xx_hal_dma.o
LOAD ./Drivers/STM32F4xx_HAL_Driver/Src/stm32f4xx_hal_dma_ex.o
LOAD ./Drivers/STM32F4xx_HAL_Driver/Src/stm32f4xx_hal_exti.o
LOAD ./Drivers/STM32F4xx_HAL_Driver/Src/stm32f4xx_hal_flash.o
LOAD ./Drivers/STM32F4xx_HAL_Driver/Src/stm32f4xx_hal_flash_ex.o
LOAD ./Drivers/STM32F4xx_HAL_Driver/Src/stm32f4xx_hal_flash_ramfunc.o
LOAD ./Drivers/STM32F4xx_HAL_Driver/Src/stm32f4xx_hal_gpio.o
LOAD ./Drivers/STM32F4xx_HAL_Driver/Src/stm32f4xx_hal_pwr.o
LOAD ./Drivers/STM32F4xx_HAL_Driver/Src/stm32f4xx_hal_pwr_ex.o
LOAD ./Drivers/STM32F4xx_HAL_Driver/Src/stm32f4xx_hal_rcc.o
LOAD ./Drivers/STM32F4xx_HAL_Driver/Src/stm32f4xx_hal_rcc_ex.o
LOAD ./Drivers/STM32F4xx_HAL_Driver/Src/stm32f4xx_hal_tim.o
LOAD ./Drivers/STM32F4xx_HAL_Driver/Src/stm32f4xx_hal_tim_ex.o
LOAD ./Drivers/STM32F4xx_HAL_Driver/Src/stm32f4xx_hal_uart.o
LOAD ./Drivers/STM32F4xx_HAL_Driver/Src/stm32f4xx_ll_adc.o
START GROUP
LOAD a:/stm32/stm32/stm32cubeide_1.11.2/stm32cubeide/plugins/com.st.stm32cube.ide.mcu.externaltools.gnu-tools-for-stm32.10.3-2021.10.win32_1.0.100.202210260954/tools/bin/../lib/gcc/arm-none-eabi/10.3.1/../../../../arm-none-eabi/lib/thumb/v7e-m+fp/hard\libc_nano.a
LOAD a:/stm32/stm32/stm32cubeide_1.11.2/stm32cubeide/plugins/com.st.stm32cube.ide.mcu.externaltools.gnu-tools-for-stm32.10.3-2021.10.win32_1.0.100.202210260954/tools/bin/../lib/gcc/arm-none-eabi/10.3.1/../../../../arm-none-eabi/lib/thumb/v7e-m+fp/hard\libm.a
END GROUP
START GROUP
LOAD a:/stm32/stm32/stm32cubeide_1.11.2/stm32cubeide/plugins/com.st.stm32cube.ide.mcu.externaltools.gnu-tools-for-stm32.10.3-2021.10.win32_1.0.100.202210260954/tools/bin/../lib/gcc/arm-none-eabi/10.3.1/thumb/v7e-m+fp/hard\libgcc.a
LOAD a:/stm32/stm32/stm32cubeide_1.11.2/stm32cubeide/plugins/com.st.stm32cube.ide.mcu.externaltools.gnu-tools-for-stm32.10.3-2021.10.win32_1.0.100.202210260954/tools/bin/../lib/gcc/arm-none-eabi/10.3.1/../../../../arm-none-eabi/lib/thumb/v7e-m+fp/hard\libc_nano.a
END GROUP
START GROUP
LOAD a:/stm32/stm32/stm32cubeide_1.11.2/stm32cubeide/plugins/com.st.stm32cube.ide.mcu.externaltools.gnu-tools-for-stm32.10.3-2021.10.win32_1.0.100.202210260954/tools/bin/../lib/gcc/arm-none-eabi/10.3.1/thumb/v7e-m+fp/hard\libgcc.a
LOAD a:/stm32/stm32/stm32cubeide_1.11.2/stm32cubeide/plugins/com.st.stm32cube.ide.mcu.externaltools.gnu-tools-for-stm32.10.3-2021.10.win32_1.0.100.202210260954/tools/bin/../lib/gcc/arm-none-eabi/10.3.1/../../../../arm-none-eabi/lib/thumb/v7e-m+fp/hard\libc_nano.a
LOAD a:/stm32/stm32/stm32cubeide_1.11.2/stm32cubeide/plugins/com.st.stm32cube.ide.mcu.externaltools.gnu-tools-for-stm32.10.3-2021.10.win32_1.0.100.202210260954/tools/bin/../lib/gcc/arm-none-eabi/10.3.1/../../../../arm-none-eabi/lib/thumb/v7e-m+fp/hard\libnosys.a
END GROUP
START GROUP
LOAD a:/stm32/stm32/stm32cubeide_1.11.2/stm32cubeide/plugins/com.st.stm32cube.ide.mcu.externaltools.gnu-tools-for-stm32.10.3-2021.10.win32_1.0.100.202210260954/tools/bin/../lib/gcc/arm-none-eabi/10.3.1/thumb/v7e-m+fp/hard\libgcc.a
LOAD a:/stm32/stm32/stm32cubeide_1.11.2/stm32cubeide/plugins/com.st.stm32cube.ide.mcu.externaltools.gnu-tools-for-stm32.10.3-2021.10.win32_1.0.100.202210260954/tools/bin/../lib/gcc/arm-none-eabi/10.3.1/../../../../arm-none-eabi/lib/thumb/v7e-m+fp/hard\libc_nano.a
LOAD a:/stm32/stm32/stm32cubeide_1.11.2/stm32cubeide/plugins/com.st.stm32cube.ide.mcu.externaltools.gnu-tools-for-stm32.10.3-2021.10.win32_1.0.100.202210260954/tools/bin/../lib/gcc/arm-none-eabi/10.3.1/../../../../arm-none-eabi/lib/thumb/v7e-m+fp/hard\libnosys.a
END GROUP
LOAD a:/stm32/stm32/stm32cubeide_1.11.2/stm32cubeide/plugins/com.st.stm32cube.ide.mcu.externaltools.gnu-tools-for-stm32.10.3-2021.10.win32_1.0.100.202210260954/tools/bin/../lib/gcc/arm-none-eabi/10.3.1/thumb/v7e-m+fp/hard/crtend.o
LOAD a:/stm32/stm32/stm32cubeide_1.11.2/stm32cubeide/plugins/com.st.stm32cube.ide.mcu.externaltools.gnu-tools-for-stm32.10.3-2021.10.win32_1.0.100.202210260954/tools/bin/../lib/gcc/arm-none-eabi/10.3.1/thumb/v7e-m+fp/hard/crtn.o
                0x0000000020020000                _estack = (ORIGIN (RAM) + LENGTH (RAM))
                0x0000000000000200                _Min_Heap_Size = 0x200
                0x0000000000000400                _Min_Stack_Size = 0x400

.isr_vector     0x0000000008000000      0x188
                0x0000000008000000                . = ALIGN (0x4)
 *(.isr_vector)
 .isr_vector    0x0000000008000000      0x188 ./Core/Startup/startup_stm32f405rgtx.o
                0x0000000008000000                g_pfnVectors
                0x0000000008000188                . = ALIGN (0x4)

.text           0x0000000008000188     0x4c6c
                0x0000000008000188                . = ALIGN (0x4)
 *(.text)
 .text          0x0000000008000188       0x40 a:/stm32/stm32/stm32cubeide_1.11.2/stm32cubeide/plugins/com.st.stm32cube.ide.mcu.externaltools.gnu-tools-for-stm32.10.3-2021.10.win32_1.0.100.202210260954/tools/bin/../lib/gcc/arm-none-eabi/10.3.1/thumb/v7e-m+fp/hard/crtbegin.o
 .text          0x00000000080001c8       0x30 a:/stm32/stm32/stm32cubeide_1.11.2/stm32cubeide/plugins/com.st.stm32cube.ide.mcu.externaltools.gnu-tools-for-stm32.10.3-2021.10.win32_1.0.100.202210260954/tools/bin/../lib/gcc/arm-none-eabi/10.3.1/thumb/v7e-m+fp/hard\libgcc.a(_aeabi_uldivmod.o)
                0x00000000080001c8                __aeabi_uldivmod
 .text          0x00000000080001f8      0x2d0 a:/stm32/stm32/stm32cubeide_1.11.2/stm32cubeide/plugins/com.st.stm32cube.ide.mcu.externaltools.gnu-tools-for-stm32.10.3-2021.10.win32_1.0.100.202210260954/tools/bin/../lib/gcc/arm-none-eabi/10.3.1/thumb/v7e-m+fp/hard\libgcc.a(_udivmoddi4.o)
                0x00000000080001f8                __udivmoddi4
 .text          0x00000000080004c8        0x4 a:/stm32/stm32/stm32cubeide_1.11.2/stm32cubeide/plugins/com.st.stm32cube.ide.mcu.externaltools.gnu-tools-for-stm32.10.3-2021.10.win32_1.0.100.202210260954/tools/bin/../lib/gcc/arm-none-eabi/10.3.1/thumb/v7e-m+fp/hard\libgcc.a(_dvmd_tls.o)
                0x00000000080004c8                __aeabi_idiv0
                0x00000000080004c8                __aeabi_ldiv0
 *(.text*)
 .text.HAL_CAN_RxFifo0MsgPendingCallback
                0x00000000080004cc       0x38 ./Core/Src/main.o
                0x00000000080004cc                HAL_CAN_RxFifo0MsgPendingCallback
 .text.HAL_UART_RxCpltCallback
                0x0000000008000504       0x74 ./Core/Src/main.o
                0x0000000008000504                HAL_UART_RxCpltCallback
 .text.main     0x0000000008000578      0x11c ./Core/Src/main.o
                0x0000000008000578                main
 .text.SystemClock_Config
                0x0000000008000694       0xbc ./Core/Src/main.o
                0x0000000008000694                SystemClock_Config
 .text.MX_ADC1_Init
                0x0000000008000750       0xa4 ./Core/Src/main.o
 .text.MX_CAN1_Init
                0x00000000080007f4       0xa8 ./Core/Src/main.o
 .text.MX_CAN2_Init
                0x000000000800089c       0xa8 ./Core/Src/main.o
 .text.MX_TIM2_Init
                0x0000000008000944       0x98 ./Core/Src/main.o
 .text.MX_USART2_UART_Init
                0x00000000080009dc       0x54 ./Core/Src/main.o
 .text.MX_GPIO_Init
                0x0000000008000a30       0xec ./Core/Src/main.o
 .text.calculate_crc_sae_j1850
                0x0000000008000b1c       0x78 ./Core/Src/main.o
                0x0000000008000b1c                calculate_crc_sae_j1850
 .text.HAL_TIM_PeriodElapsedCallback
                0x0000000008000b94       0x14 ./Core/Src/main.o
                0x0000000008000b94                HAL_TIM_PeriodElapsedCallback
 .text.Error_Handler
                0x0000000008000ba8        0xa ./Core/Src/main.o
                0x0000000008000ba8                Error_Handler
 *fill*         0x0000000008000bb2        0x2 
 .text.HAL_MspInit
                0x0000000008000bb4       0x50 ./Core/Src/stm32f4xx_hal_msp.o
                0x0000000008000bb4                HAL_MspInit
 .text.HAL_ADC_MspInit
                0x0000000008000c04       0x88 ./Core/Src/stm32f4xx_hal_msp.o
                0x0000000008000c04                HAL_ADC_MspInit
 .text.HAL_CAN_MspInit
                0x0000000008000c8c      0x160 ./Core/Src/stm32f4xx_hal_msp.o
                0x0000000008000c8c                HAL_CAN_MspInit
 .text.HAL_TIM_Base_MspInit
                0x0000000008000dec       0x4c ./Core/Src/stm32f4xx_hal_msp.o
                0x0000000008000dec                HAL_TIM_Base_MspInit
 .text.HAL_UART_MspInit
                0x0000000008000e38       0xa0 ./Core/Src/stm32f4xx_hal_msp.o
                0x0000000008000e38                HAL_UART_MspInit
 .text.NMI_Handler
                0x0000000008000ed8        0x6 ./Core/Src/stm32f4xx_it.o
                0x0000000008000ed8                NMI_Handler
 .text.HardFault_Handler
                0x0000000008000ede        0x6 ./Core/Src/stm32f4xx_it.o
                0x0000000008000ede                HardFault_Handler
 .text.MemManage_Handler
                0x0000000008000ee4        0x6 ./Core/Src/stm32f4xx_it.o
                0x0000000008000ee4                MemManage_Handler
 .text.BusFault_Handler
                0x0000000008000eea        0x6 ./Core/Src/stm32f4xx_it.o
                0x0000000008000eea                BusFault_Handler
 .text.UsageFault_Handler
                0x0000000008000ef0        0x6 ./Core/Src/stm32f4xx_it.o
                0x0000000008000ef0                UsageFault_Handler
 .text.SVC_Handler
                0x0000000008000ef6        0xe ./Core/Src/stm32f4xx_it.o
                0x0000000008000ef6                SVC_Handler
 .text.DebugMon_Handler
                0x0000000008000f04        0xe ./Core/Src/stm32f4xx_it.o
                0x0000000008000f04                DebugMon_Handler
 .text.PendSV_Handler
                0x0000000008000f12        0xe ./Core/Src/stm32f4xx_it.o
                0x0000000008000f12                PendSV_Handler
 .text.SysTick_Handler
                0x0000000008000f20        0xc ./Core/Src/stm32f4xx_it.o
                0x0000000008000f20                SysTick_Handler
 .text.CAN1_RX0_IRQHandler
                0x0000000008000f2c       0x14 ./Core/Src/stm32f4xx_it.o
                0x0000000008000f2c                CAN1_RX0_IRQHandler
 .text.TIM2_IRQHandler
                0x0000000008000f40       0x14 ./Core/Src/stm32f4xx_it.o
                0x0000000008000f40                TIM2_IRQHandler
 .text.USART2_IRQHandler
                0x0000000008000f54       0x14 ./Core/Src/stm32f4xx_it.o
                0x0000000008000f54                USART2_IRQHandler
 .text.EXTI15_10_IRQHandler
                0x0000000008000f68       0x10 ./Core/Src/stm32f4xx_it.o
                0x0000000008000f68                EXTI15_10_IRQHandler
 .text.CAN2_RX1_IRQHandler
                0x0000000008000f78       0x14 ./Core/Src/stm32f4xx_it.o
                0x0000000008000f78                CAN2_RX1_IRQHandler
 .text.SystemInit
                0x0000000008000f8c       0x24 ./Core/Src/system_stm32f4xx.o
                0x0000000008000f8c                SystemInit
 .text.setTimer1
                0x0000000008000fb0       0x38 ./Core/Src/timer.o
                0x0000000008000fb0                setTimer1
 .text.timerRun
                0x0000000008000fe8       0x88 ./Core/Src/timer.o
                0x0000000008000fe8                timerRun
 .text.Reset_Handler
                0x0000000008001070       0x50 ./Core/Startup/startup_stm32f405rgtx.o
                0x0000000008001070                Reset_Handler
 .text.Default_Handler
                0x00000000080010c0        0x2 ./Core/Startup/startup_stm32f405rgtx.o
                0x00000000080010c0                RTC_Alarm_IRQHandler
                0x00000000080010c0                HASH_RNG_IRQHandler
                0x00000000080010c0                EXTI2_IRQHandler
                0x00000000080010c0                TIM8_CC_IRQHandler
                0x00000000080010c0                TIM1_CC_IRQHandler
                0x00000000080010c0                DMA2_Stream5_IRQHandler
                0x00000000080010c0                DMA1_Stream5_IRQHandler
                0x00000000080010c0                PVD_IRQHandler
                0x00000000080010c0                SDIO_IRQHandler
                0x00000000080010c0                TAMP_STAMP_IRQHandler
                0x00000000080010c0                EXTI3_IRQHandler
                0x00000000080010c0                TIM8_TRG_COM_TIM14_IRQHandler
                0x00000000080010c0                TIM1_UP_TIM10_IRQHandler
                0x00000000080010c0                TIM8_UP_TIM13_IRQHandler
                0x00000000080010c0                I2C3_ER_IRQHandler
                0x00000000080010c0                EXTI0_IRQHandler
                0x00000000080010c0                I2C2_EV_IRQHandler
                0x00000000080010c0                DMA1_Stream2_IRQHandler
                0x00000000080010c0                FPU_IRQHandler
                0x00000000080010c0                OTG_HS_WKUP_IRQHandler
                0x00000000080010c0                CAN2_SCE_IRQHandler
                0x00000000080010c0                DMA2_Stream2_IRQHandler
                0x00000000080010c0                SPI1_IRQHandler
                0x00000000080010c0                TIM6_DAC_IRQHandler
                0x00000000080010c0                TIM1_BRK_TIM9_IRQHandler
                0x00000000080010c0                CAN2_RX0_IRQHandler
                0x00000000080010c0                DMA2_Stream3_IRQHandler
                0x00000000080010c0                USART6_IRQHandler
                0x00000000080010c0                USART3_IRQHandler
                0x00000000080010c0                CAN1_RX1_IRQHandler
                0x00000000080010c0                UART5_IRQHandler
                0x00000000080010c0                DMA2_Stream0_IRQHandler
                0x00000000080010c0                TIM4_IRQHandler
                0x00000000080010c0                I2C1_EV_IRQHandler
                0x00000000080010c0                DMA1_Stream6_IRQHandler
                0x00000000080010c0                DMA1_Stream1_IRQHandler
                0x00000000080010c0                UART4_IRQHandler
                0x00000000080010c0                TIM3_IRQHandler
                0x00000000080010c0                RCC_IRQHandler
                0x00000000080010c0                TIM8_BRK_TIM12_IRQHandler
                0x00000000080010c0                Default_Handler
                0x00000000080010c0                ADC_IRQHandler
                0x00000000080010c0                DMA1_Stream7_IRQHandler
                0x00000000080010c0                TIM7_IRQHandler
                0x00000000080010c0                CAN2_TX_IRQHandler
                0x00000000080010c0                TIM5_IRQHandler
                0x00000000080010c0                DMA2_Stream7_IRQHandler
                0x00000000080010c0                I2C3_EV_IRQHandler
                0x00000000080010c0                EXTI9_5_IRQHandler
                0x00000000080010c0                RTC_WKUP_IRQHandler
                0x00000000080010c0                SPI2_IRQHandler
                0x00000000080010c0                OTG_HS_EP1_IN_IRQHandler
                0x00000000080010c0                DMA1_Stream0_IRQHandler
                0x00000000080010c0                CAN1_TX_IRQHandler
                0x00000000080010c0                EXTI4_IRQHandler
                0x00000000080010c0                FSMC_IRQHandler
                0x00000000080010c0                OTG_HS_EP1_OUT_IRQHandler
                0x00000000080010c0                WWDG_IRQHandler
                0x00000000080010c0                OTG_FS_WKUP_IRQHandler
                0x00000000080010c0                TIM1_TRG_COM_TIM11_IRQHandler
                0x00000000080010c0                OTG_HS_IRQHandler
                0x00000000080010c0                EXTI1_IRQHandler
                0x00000000080010c0                I2C2_ER_IRQHandler
                0x00000000080010c0                DMA2_Stream1_IRQHandler
                0x00000000080010c0                CAN1_SCE_IRQHandler
                0x00000000080010c0                FLASH_IRQHandler
                0x00000000080010c0                DMA2_Stream4_IRQHandler
                0x00000000080010c0                USART1_IRQHandler
                0x00000000080010c0                OTG_FS_IRQHandler
                0x00000000080010c0                SPI3_IRQHandler
                0x00000000080010c0                DMA1_Stream4_IRQHandler
                0x00000000080010c0                I2C1_ER_IRQHandler
                0x00000000080010c0                DMA2_Stream6_IRQHandler
                0x00000000080010c0                DMA1_Stream3_IRQHandler
 *fill*         0x00000000080010c2        0x2 
 .text.HAL_Init
                0x00000000080010c4       0x44 ./Drivers/STM32F4xx_HAL_Driver/Src/stm32f4xx_hal.o
                0x00000000080010c4                HAL_Init
 .text.HAL_InitTick
                0x0000000008001108       0x60 ./Drivers/STM32F4xx_HAL_Driver/Src/stm32f4xx_hal.o
                0x0000000008001108                HAL_InitTick
 .text.HAL_IncTick
                0x0000000008001168       0x28 ./Drivers/STM32F4xx_HAL_Driver/Src/stm32f4xx_hal.o
                0x0000000008001168                HAL_IncTick
 .text.HAL_GetTick
                0x0000000008001190       0x18 ./Drivers/STM32F4xx_HAL_Driver/Src/stm32f4xx_hal.o
                0x0000000008001190                HAL_GetTick
 .text.HAL_Delay
                0x00000000080011a8       0x48 ./Drivers/STM32F4xx_HAL_Driver/Src/stm32f4xx_hal.o
                0x00000000080011a8                HAL_Delay
 .text.HAL_ADC_Init
                0x00000000080011f0       0x86 ./Drivers/STM32F4xx_HAL_Driver/Src/stm32f4xx_hal_adc.o
                0x00000000080011f0                HAL_ADC_Init
 *fill*         0x0000000008001276        0x2 
 .text.HAL_ADC_ConfigChannel
                0x0000000008001278      0x244 ./Drivers/STM32F4xx_HAL_Driver/Src/stm32f4xx_hal_adc.o
                0x0000000008001278                HAL_ADC_ConfigChannel
 .text.ADC_Init
                0x00000000080014bc      0x1f8 ./Drivers/STM32F4xx_HAL_Driver/Src/stm32f4xx_hal_adc.o
 .text.HAL_CAN_Init
                0x00000000080016b4      0x1f6 ./Drivers/STM32F4xx_HAL_Driver/Src/stm32f4xx_hal_can.o
                0x00000000080016b4                HAL_CAN_Init
 *fill*         0x00000000080018aa        0x2 
 .text.HAL_CAN_ConfigFilter
                0x00000000080018ac      0x1c0 ./Drivers/STM32F4xx_HAL_Driver/Src/stm32f4xx_hal_can.o
                0x00000000080018ac                HAL_CAN_ConfigFilter
 .text.HAL_CAN_Start
                0x0000000008001a6c       0x88 ./Drivers/STM32F4xx_HAL_Driver/Src/stm32f4xx_hal_can.o
                0x0000000008001a6c                HAL_CAN_Start
 .text.HAL_CAN_AddTxMessage
                0x0000000008001af4      0x1b6 ./Drivers/STM32F4xx_HAL_Driver/Src/stm32f4xx_hal_can.o
                0x0000000008001af4                HAL_CAN_AddTxMessage
 .text.HAL_CAN_GetTxMailboxesFreeLevel
                0x0000000008001caa       0x6a ./Drivers/STM32F4xx_HAL_Driver/Src/stm32f4xx_hal_can.o
                0x0000000008001caa                HAL_CAN_GetTxMailboxesFreeLevel
 .text.HAL_CAN_GetRxMessage
                0x0000000008001d14      0x224 ./Drivers/STM32F4xx_HAL_Driver/Src/stm32f4xx_hal_can.o
                0x0000000008001d14                HAL_CAN_GetRxMessage
 .text.HAL_CAN_ActivateNotification
                0x0000000008001f38       0x4c ./Drivers/STM32F4xx_HAL_Driver/Src/stm32f4xx_hal_can.o
                0x0000000008001f38                HAL_CAN_ActivateNotification
 .text.HAL_CAN_IRQHandler
                0x0000000008001f84      0x36e ./Drivers/STM32F4xx_HAL_Driver/Src/stm32f4xx_hal_can.o
                0x0000000008001f84                HAL_CAN_IRQHandler
 .text.HAL_CAN_TxMailbox0CompleteCallback
                0x00000000080022f2       0x14 ./Drivers/STM32F4xx_HAL_Driver/Src/stm32f4xx_hal_can.o
                0x00000000080022f2                HAL_CAN_TxMailbox0CompleteCallback
 .text.HAL_CAN_TxMailbox1CompleteCallback
                0x0000000008002306       0x14 ./Drivers/STM32F4xx_HAL_Driver/Src/stm32f4xx_hal_can.o
                0x0000000008002306                HAL_CAN_TxMailbox1CompleteCallback
 .text.HAL_CAN_TxMailbox2CompleteCallback
                0x000000000800231a       0x14 ./Drivers/STM32F4xx_HAL_Driver/Src/stm32f4xx_hal_can.o
                0x000000000800231a                HAL_CAN_TxMailbox2CompleteCallback
 .text.HAL_CAN_TxMailbox0AbortCallback
                0x000000000800232e       0x14 ./Drivers/STM32F4xx_HAL_Driver/Src/stm32f4xx_hal_can.o
                0x000000000800232e                HAL_CAN_TxMailbox0AbortCallback
 .text.HAL_CAN_TxMailbox1AbortCallback
                0x0000000008002342       0x14 ./Drivers/STM32F4xx_HAL_Driver/Src/stm32f4xx_hal_can.o
                0x0000000008002342                HAL_CAN_TxMailbox1AbortCallback
 .text.HAL_CAN_TxMailbox2AbortCallback
                0x0000000008002356       0x14 ./Drivers/STM32F4xx_HAL_Driver/Src/stm32f4xx_hal_can.o
                0x0000000008002356                HAL_CAN_TxMailbox2AbortCallback
 .text.HAL_CAN_RxFifo0FullCallback
                0x000000000800236a       0x14 ./Drivers/STM32F4xx_HAL_Driver/Src/stm32f4xx_hal_can.o
                0x000000000800236a                HAL_CAN_RxFifo0FullCallback
 .text.HAL_CAN_RxFifo1MsgPendingCallback
                0x000000000800237e       0x14 ./Drivers/STM32F4xx_HAL_Driver/Src/stm32f4xx_hal_can.o
                0x000000000800237e                HAL_CAN_RxFifo1MsgPendingCallback
 .text.HAL_CAN_RxFifo1FullCallback
                0x0000000008002392       0x14 ./Drivers/STM32F4xx_HAL_Driver/Src/stm32f4xx_hal_can.o
                0x0000000008002392                HAL_CAN_RxFifo1FullCallback
 .text.HAL_CAN_SleepCallback
                0x00000000080023a6       0x14 ./Drivers/STM32F4xx_HAL_Driver/Src/stm32f4xx_hal_can.o
                0x00000000080023a6                HAL_CAN_SleepCallback
 .text.HAL_CAN_WakeUpFromRxMsgCallback
                0x00000000080023ba       0x14 ./Drivers/STM32F4xx_HAL_Driver/Src/stm32f4xx_hal_can.o
                0x00000000080023ba                HAL_CAN_WakeUpFromRxMsgCallback
 .text.HAL_CAN_ErrorCallback
                0x00000000080023ce       0x14 ./Drivers/STM32F4xx_HAL_Driver/Src/stm32f4xx_hal_can.o
                0x00000000080023ce                HAL_CAN_ErrorCallback
 *fill*         0x00000000080023e2        0x2 
 .text.__NVIC_SetPriorityGrouping
                0x00000000080023e4       0x48 ./Drivers/STM32F4xx_HAL_Driver/Src/stm32f4xx_hal_cortex.o
 .text.__NVIC_GetPriorityGrouping
                0x000000000800242c       0x1c ./Drivers/STM32F4xx_HAL_Driver/Src/stm32f4xx_hal_cortex.o
 .text.__NVIC_EnableIRQ
                0x0000000008002448       0x3c ./Drivers/STM32F4xx_HAL_Driver/Src/stm32f4xx_hal_cortex.o
 .text.__NVIC_SetPriority
                0x0000000008002484       0x54 ./Drivers/STM32F4xx_HAL_Driver/Src/stm32f4xx_hal_cortex.o
 .text.NVIC_EncodePriority
                0x00000000080024d8       0x66 ./Drivers/STM32F4xx_HAL_Driver/Src/stm32f4xx_hal_cortex.o
 *fill*         0x000000000800253e        0x2 
 .text.SysTick_Config
                0x0000000008002540       0x44 ./Drivers/STM32F4xx_HAL_Driver/Src/stm32f4xx_hal_cortex.o
 .text.HAL_NVIC_SetPriorityGrouping
                0x0000000008002584       0x16 ./Drivers/STM32F4xx_HAL_Driver/Src/stm32f4xx_hal_cortex.o
                0x0000000008002584                HAL_NVIC_SetPriorityGrouping
 .text.HAL_NVIC_SetPriority
                0x000000000800259a       0x38 ./Drivers/STM32F4xx_HAL_Driver/Src/stm32f4xx_hal_cortex.o
                0x000000000800259a                HAL_NVIC_SetPriority
 .text.HAL_NVIC_EnableIRQ
                0x00000000080025d2       0x1c ./Drivers/STM32F4xx_HAL_Driver/Src/stm32f4xx_hal_cortex.o
                0x00000000080025d2                HAL_NVIC_EnableIRQ
 .text.HAL_SYSTICK_Config
                0x00000000080025ee       0x18 ./Drivers/STM32F4xx_HAL_Driver/Src/stm32f4xx_hal_cortex.o
                0x00000000080025ee                HAL_SYSTICK_Config
 .text.HAL_DMA_Abort
                0x0000000008002606       0xe0 ./Drivers/STM32F4xx_HAL_Driver/Src/stm32f4xx_hal_dma.o
                0x0000000008002606                HAL_DMA_Abort
 .text.HAL_DMA_Abort_IT
                0x00000000080026e6       0x44 ./Drivers/STM32F4xx_HAL_Driver/Src/stm32f4xx_hal_dma.o
                0x00000000080026e6                HAL_DMA_Abort_IT
 *fill*         0x000000000800272a        0x2 
 .text.HAL_GPIO_Init
                0x000000000800272c      0x338 ./Drivers/STM32F4xx_HAL_Driver/Src/stm32f4xx_hal_gpio.o
                0x000000000800272c                HAL_GPIO_Init
 .text.HAL_GPIO_WritePin
                0x0000000008002a64       0x32 ./Drivers/STM32F4xx_HAL_Driver/Src/stm32f4xx_hal_gpio.o
                0x0000000008002a64                HAL_GPIO_WritePin
 *fill*         0x0000000008002a96        0x2 
 .text.HAL_GPIO_EXTI_IRQHandler
                0x0000000008002a98       0x30 ./Drivers/STM32F4xx_HAL_Driver/Src/stm32f4xx_hal_gpio.o
                0x0000000008002a98                HAL_GPIO_EXTI_IRQHandler
 .text.HAL_GPIO_EXTI_Callback
                0x0000000008002ac8       0x16 ./Drivers/STM32F4xx_HAL_Driver/Src/stm32f4xx_hal_gpio.o
                0x0000000008002ac8                HAL_GPIO_EXTI_Callback
 *fill*         0x0000000008002ade        0x2 
 .text.HAL_RCC_OscConfig
                0x0000000008002ae0      0x4f0 ./Drivers/STM32F4xx_HAL_Driver/Src/stm32f4xx_hal_rcc.o
                0x0000000008002ae0                HAL_RCC_OscConfig
 .text.HAL_RCC_ClockConfig
                0x0000000008002fd0      0x1cc ./Drivers/STM32F4xx_HAL_Driver/Src/stm32f4xx_hal_rcc.o
                0x0000000008002fd0                HAL_RCC_ClockConfig
 .text.HAL_RCC_GetSysClockFreq
                0x000000000800319c      0x18c ./Drivers/STM32F4xx_HAL_Driver/Src/stm32f4xx_hal_rcc.o
                0x000000000800319c                HAL_RCC_GetSysClockFreq
 .text.HAL_RCC_GetHCLKFreq
                0x0000000008003328       0x18 ./Drivers/STM32F4xx_HAL_Driver/Src/stm32f4xx_hal_rcc.o
                0x0000000008003328                HAL_RCC_GetHCLKFreq
 .text.HAL_RCC_GetPCLK1Freq
                0x0000000008003340       0x28 ./Drivers/STM32F4xx_HAL_Driver/Src/stm32f4xx_hal_rcc.o
                0x0000000008003340                HAL_RCC_GetPCLK1Freq
 .text.HAL_RCC_GetPCLK2Freq
                0x0000000008003368       0x28 ./Drivers/STM32F4xx_HAL_Driver/Src/stm32f4xx_hal_rcc.o
                0x0000000008003368                HAL_RCC_GetPCLK2Freq
 .text.HAL_TIM_Base_Init
                0x0000000008003390       0x9e ./Drivers/STM32F4xx_HAL_Driver/Src/stm32f4xx_hal_tim.o
                0x0000000008003390                HAL_TIM_Base_Init
 *fill*         0x000000000800342e        0x2 
 .text.HAL_TIM_Base_Start_IT
                0x0000000008003430       0xe0 ./Drivers/STM32F4xx_HAL_Driver/Src/stm32f4xx_hal_tim.o
                0x0000000008003430                HAL_TIM_Base_Start_IT
 .text.HAL_TIM_IRQHandler
                0x0000000008003510      0x210 ./Drivers/STM32F4xx_HAL_Driver/Src/stm32f4xx_hal_tim.o
                0x0000000008003510                HAL_TIM_IRQHandler
 .text.HAL_TIM_ConfigClockSource
                0x0000000008003720      0x18e ./Drivers/STM32F4xx_HAL_Driver/Src/stm32f4xx_hal_tim.o
                0x0000000008003720                HAL_TIM_ConfigClockSource
 .text.HAL_TIM_OC_DelayElapsedCallback
                0x00000000080038ae       0x14 ./Drivers/STM32F4xx_HAL_Driver/Src/stm32f4xx_hal_tim.o
                0x00000000080038ae                HAL_TIM_OC_DelayElapsedCallback
 .text.HAL_TIM_IC_CaptureCallback
                0x00000000080038c2       0x14 ./Drivers/STM32F4xx_HAL_Driver/Src/stm32f4xx_hal_tim.o
                0x00000000080038c2                HAL_TIM_IC_CaptureCallback
 .text.HAL_TIM_PWM_PulseFinishedCallback
                0x00000000080038d6       0x14 ./Drivers/STM32F4xx_HAL_Driver/Src/stm32f4xx_hal_tim.o
                0x00000000080038d6                HAL_TIM_PWM_PulseFinishedCallback
 .text.HAL_TIM_TriggerCallback
                0x00000000080038ea       0x14 ./Drivers/STM32F4xx_HAL_Driver/Src/stm32f4xx_hal_tim.o
                0x00000000080038ea                HAL_TIM_TriggerCallback
 *fill*         0x00000000080038fe        0x2 
 .text.TIM_Base_SetConfig
                0x0000000008003900      0x140 ./Drivers/STM32F4xx_HAL_Driver/Src/stm32f4xx_hal_tim.o
                0x0000000008003900                TIM_Base_SetConfig
 .text.TIM_TI1_ConfigInputStage
                0x0000000008003a40       0x5e ./Drivers/STM32F4xx_HAL_Driver/Src/stm32f4xx_hal_tim.o
 .text.TIM_TI2_ConfigInputStage
                0x0000000008003a9e       0x60 ./Drivers/STM32F4xx_HAL_Driver/Src/stm32f4xx_hal_tim.o
 .text.TIM_ITRx_SetConfig
                0x0000000008003afe       0x36 ./Drivers/STM32F4xx_HAL_Driver/Src/stm32f4xx_hal_tim.o
 .text.TIM_ETR_SetConfig
                0x0000000008003b34       0x40 ./Drivers/STM32F4xx_HAL_Driver/Src/stm32f4xx_hal_tim.o
                0x0000000008003b34                TIM_ETR_SetConfig
 .text.HAL_TIMEx_MasterConfigSynchronization
                0x0000000008003b74       0xf8 ./Drivers/STM32F4xx_HAL_Driver/Src/stm32f4xx_hal_tim_ex.o
                0x0000000008003b74                HAL_TIMEx_MasterConfigSynchronization
 .text.HAL_TIMEx_CommutCallback
                0x0000000008003c6c       0x14 ./Drivers/STM32F4xx_HAL_Driver/Src/stm32f4xx_hal_tim_ex.o
                0x0000000008003c6c                HAL_TIMEx_CommutCallback
 .text.HAL_TIMEx_BreakCallback
                0x0000000008003c80       0x14 ./Drivers/STM32F4xx_HAL_Driver/Src/stm32f4xx_hal_tim_ex.o
                0x0000000008003c80                HAL_TIMEx_BreakCallback
 .text.HAL_UART_Init
                0x0000000008003c94       0x9a ./Drivers/STM32F4xx_HAL_Driver/Src/stm32f4xx_hal_uart.o
                0x0000000008003c94                HAL_UART_Init
 .text.HAL_UART_Transmit
                0x0000000008003d2e      0x124 ./Drivers/STM32F4xx_HAL_Driver/Src/stm32f4xx_hal_uart.o
                0x0000000008003d2e                HAL_UART_Transmit
 .text.HAL_UART_Receive_IT
                0x0000000008003e52       0x60 ./Drivers/STM32F4xx_HAL_Driver/Src/stm32f4xx_hal_uart.o
                0x0000000008003e52                HAL_UART_Receive_IT
 *fill*         0x0000000008003eb2        0x2 
 .text.HAL_UART_IRQHandler
                0x0000000008003eb4      0x51c ./Drivers/STM32F4xx_HAL_Driver/Src/stm32f4xx_hal_uart.o
                0x0000000008003eb4                HAL_UART_IRQHandler
 .text.HAL_UART_TxCpltCallback
                0x00000000080043d0       0x14 ./Drivers/STM32F4xx_HAL_Driver/Src/stm32f4xx_hal_uart.o
                0x00000000080043d0                HAL_UART_TxCpltCallback
 .text.HAL_UART_ErrorCallback
                0x00000000080043e4       0x14 ./Drivers/STM32F4xx_HAL_Driver/Src/stm32f4xx_hal_uart.o
                0x00000000080043e4                HAL_UART_ErrorCallback
 .text.HAL_UARTEx_RxEventCallback
                0x00000000080043f8       0x18 ./Drivers/STM32F4xx_HAL_Driver/Src/stm32f4xx_hal_uart.o
                0x00000000080043f8                HAL_UARTEx_RxEventCallback
 .text.UART_WaitOnFlagUntilTimeout
                0x0000000008004410       0xdc ./Drivers/STM32F4xx_HAL_Driver/Src/stm32f4xx_hal_uart.o
 .text.UART_Start_Receive_IT
                0x00000000080044ec       0x7c ./Drivers/STM32F4xx_HAL_Driver/Src/stm32f4xx_hal_uart.o
                0x00000000080044ec                UART_Start_Receive_IT
 .text.UART_EndRxTransfer
                0x0000000008004568       0xc6 ./Drivers/STM32F4xx_HAL_Driver/Src/stm32f4xx_hal_uart.o
 .text.UART_DMAAbortOnError
                0x000000000800462e       0x28 ./Drivers/STM32F4xx_HAL_Driver/Src/stm32f4xx_hal_uart.o
 .text.UART_Transmit_IT
                0x0000000008004656       0xa0 ./Drivers/STM32F4xx_HAL_Driver/Src/stm32f4xx_hal_uart.o
 .text.UART_EndTransmit_IT
                0x00000000080046f6       0x30 ./Drivers/STM32F4xx_HAL_Driver/Src/stm32f4xx_hal_uart.o
 .text.UART_Receive_IT
                0x0000000008004726      0x176 ./Drivers/STM32F4xx_HAL_Driver/Src/stm32f4xx_hal_uart.o
 .text.UART_SetConfig
                0x000000000800489c      0x4e8 ./Drivers/STM32F4xx_HAL_Driver/Src/stm32f4xx_hal_uart.o
 .text.__libc_init_array
                0x0000000008004d84       0x48 a:/stm32/stm32/stm32cubeide_1.11.2/stm32cubeide/plugins/com.st.stm32cube.ide.mcu.externaltools.gnu-tools-for-stm32.10.3-2021.10.win32_1.0.100.202210260954/tools/bin/../lib/gcc/arm-none-eabi/10.3.1/../../../../arm-none-eabi/lib/thumb/v7e-m+fp/hard\libc_nano.a(lib_a-init.o)
                0x0000000008004d84                __libc_init_array
 .text.memset   0x0000000008004dcc       0x10 a:/stm32/stm32/stm32cubeide_1.11.2/stm32cubeide/plugins/com.st.stm32cube.ide.mcu.externaltools.gnu-tools-for-stm32.10.3-2021.10.win32_1.0.100.202210260954/tools/bin/../lib/gcc/arm-none-eabi/10.3.1/../../../../arm-none-eabi/lib/thumb/v7e-m+fp/hard\libc_nano.a(lib_a-memset.o)
                0x0000000008004dcc                memset
 *(.glue_7)
 .glue_7        0x0000000008004ddc        0x0 linker stubs
 *(.glue_7t)
 .glue_7t       0x0000000008004ddc        0x0 linker stubs
 *(.eh_frame)
 .eh_frame      0x0000000008004ddc        0x0 a:/stm32/stm32/stm32cubeide_1.11.2/stm32cubeide/plugins/com.st.stm32cube.ide.mcu.externaltools.gnu-tools-for-stm32.10.3-2021.10.win32_1.0.100.202210260954/tools/bin/../lib/gcc/arm-none-eabi/10.3.1/thumb/v7e-m+fp/hard/crtbegin.o
 *(.init)
 .init          0x0000000008004ddc        0x4 a:/stm32/stm32/stm32cubeide_1.11.2/stm32cubeide/plugins/com.st.stm32cube.ide.mcu.externaltools.gnu-tools-for-stm32.10.3-2021.10.win32_1.0.100.202210260954/tools/bin/../lib/gcc/arm-none-eabi/10.3.1/thumb/v7e-m+fp/hard/crti.o
                0x0000000008004ddc                _init
 .init          0x0000000008004de0        0x8 a:/stm32/stm32/stm32cubeide_1.11.2/stm32cubeide/plugins/com.st.stm32cube.ide.mcu.externaltools.gnu-tools-for-stm32.10.3-2021.10.win32_1.0.100.202210260954/tools/bin/../lib/gcc/arm-none-eabi/10.3.1/thumb/v7e-m+fp/hard/crtn.o
 *(.fini)
 .fini          0x0000000008004de8        0x4 a:/stm32/stm32/stm32cubeide_1.11.2/stm32cubeide/plugins/com.st.stm32cube.ide.mcu.externaltools.gnu-tools-for-stm32.10.3-2021.10.win32_1.0.100.202210260954/tools/bin/../lib/gcc/arm-none-eabi/10.3.1/thumb/v7e-m+fp/hard/crti.o
                0x0000000008004de8                _fini
 .fini          0x0000000008004dec        0x8 a:/stm32/stm32/stm32cubeide_1.11.2/stm32cubeide/plugins/com.st.stm32cube.ide.mcu.externaltools.gnu-tools-for-stm32.10.3-2021.10.win32_1.0.100.202210260954/tools/bin/../lib/gcc/arm-none-eabi/10.3.1/thumb/v7e-m+fp/hard/crtn.o
                0x0000000008004df4                . = ALIGN (0x4)
                0x0000000008004df4                _etext = .

.vfp11_veneer   0x0000000008004df4        0x0
 .vfp11_veneer  0x0000000008004df4        0x0 linker stubs

.v4_bx          0x0000000008004df4        0x0
 .v4_bx         0x0000000008004df4        0x0 linker stubs

.iplt           0x0000000008004df4        0x0
 .iplt          0x0000000008004df4        0x0 a:/stm32/stm32/stm32cubeide_1.11.2/stm32cubeide/plugins/com.st.stm32cube.ide.mcu.externaltools.gnu-tools-for-stm32.10.3-2021.10.win32_1.0.100.202210260954/tools/bin/../lib/gcc/arm-none-eabi/10.3.1/thumb/v7e-m+fp/hard/crtbegin.o

.rodata         0x0000000008004df4       0x18
                0x0000000008004df4                . = ALIGN (0x4)
 *(.rodata)
 *(.rodata*)
 .rodata.AHBPrescTable
                0x0000000008004df4       0x10 ./Core/Src/system_stm32f4xx.o
                0x0000000008004df4                AHBPrescTable
 .rodata.APBPrescTable
                0x0000000008004e04        0x8 ./Core/Src/system_stm32f4xx.o
                0x0000000008004e04                APBPrescTable
                0x0000000008004e0c                . = ALIGN (0x4)

.ARM.extab      0x0000000008004e0c        0x0
                0x0000000008004e0c                . = ALIGN (0x4)
 *(.ARM.extab* .gnu.linkonce.armextab.*)
                0x0000000008004e0c                . = ALIGN (0x4)

.ARM            0x0000000008004e0c        0x8
                0x0000000008004e0c                . = ALIGN (0x4)
                0x0000000008004e0c                __exidx_start = .
 *(.ARM.exidx*)
 .ARM.exidx     0x0000000008004e0c        0x8 a:/stm32/stm32/stm32cubeide_1.11.2/stm32cubeide/plugins/com.st.stm32cube.ide.mcu.externaltools.gnu-tools-for-stm32.10.3-2021.10.win32_1.0.100.202210260954/tools/bin/../lib/gcc/arm-none-eabi/10.3.1/thumb/v7e-m+fp/hard\libgcc.a(_udivmoddi4.o)
                0x0000000008004e14                __exidx_end = .
                0x0000000008004e14                . = ALIGN (0x4)

.rel.dyn        0x0000000008004e14        0x0
 .rel.iplt      0x0000000008004e14        0x0 a:/stm32/stm32/stm32cubeide_1.11.2/stm32cubeide/plugins/com.st.stm32cube.ide.mcu.externaltools.gnu-tools-for-stm32.10.3-2021.10.win32_1.0.100.202210260954/tools/bin/../lib/gcc/arm-none-eabi/10.3.1/thumb/v7e-m+fp/hard/crtbegin.o

.preinit_array  0x0000000008004e14        0x0
                0x0000000008004e14                . = ALIGN (0x4)
                0x0000000008004e14                PROVIDE (__preinit_array_start = .)
 *(.preinit_array*)
                0x0000000008004e14                PROVIDE (__preinit_array_end = .)
                0x0000000008004e14                . = ALIGN (0x4)

.init_array     0x0000000008004e14        0x4
                0x0000000008004e14                . = ALIGN (0x4)
                0x0000000008004e14                PROVIDE (__init_array_start = .)
 *(SORT_BY_NAME(.init_array.*))
 *(.init_array*)
 .init_array    0x0000000008004e14        0x4 a:/stm32/stm32/stm32cubeide_1.11.2/stm32cubeide/plugins/com.st.stm32cube.ide.mcu.externaltools.gnu-tools-for-stm32.10.3-2021.10.win32_1.0.100.202210260954/tools/bin/../lib/gcc/arm-none-eabi/10.3.1/thumb/v7e-m+fp/hard/crtbegin.o
                0x0000000008004e18                PROVIDE (__init_array_end = .)
                0x0000000008004e18                . = ALIGN (0x4)

.fini_array     0x0000000008004e18        0x4
                0x0000000008004e18                . = ALIGN (0x4)
                [!provide]                        PROVIDE (__fini_array_start = .)
 *(SORT_BY_NAME(.fini_array.*))
 *(.fini_array*)
 .fini_array    0x0000000008004e18        0x4 a:/stm32/stm32/stm32cubeide_1.11.2/stm32cubeide/plugins/com.st.stm32cube.ide.mcu.externaltools.gnu-tools-for-stm32.10.3-2021.10.win32_1.0.100.202210260954/tools/bin/../lib/gcc/arm-none-eabi/10.3.1/thumb/v7e-m+fp/hard/crtbegin.o
                [!provide]                        PROVIDE (__fini_array_end = .)
                0x0000000008004e1c                . = ALIGN (0x4)
                0x0000000008004e1c                _sidata = LOADADDR (.data)

.data           0x0000000020000000        0xc load address 0x0000000008004e1c
                0x0000000020000000                . = ALIGN (0x4)
                0x0000000020000000                _sdata = .
 *(.data)
 *(.data*)
 .data.SystemCoreClock
                0x0000000020000000        0x4 ./Core/Src/system_stm32f4xx.o
                0x0000000020000000                SystemCoreClock
 .data.uwTickPrio
                0x0000000020000004        0x4 ./Drivers/STM32F4xx_HAL_Driver/Src/stm32f4xx_hal.o
                0x0000000020000004                uwTickPrio
 .data.uwTickFreq
                0x0000000020000008        0x1 ./Drivers/STM32F4xx_HAL_Driver/Src/stm32f4xx_hal.o
                0x0000000020000008                uwTickFreq
 *(.RamFunc)
 *(.RamFunc*)
                0x000000002000000c                . = ALIGN (0x4)
 *fill*         0x0000000020000009        0x3 
                0x000000002000000c                _edata = .
                0x0000000008004e28                _siccmram = LOADADDR (.ccmram)

.igot.plt       0x000000002000000c        0x0 load address 0x0000000008004e28
 .igot.plt      0x000000002000000c        0x0 a:/stm32/stm32/stm32cubeide_1.11.2/stm32cubeide/plugins/com.st.stm32cube.ide.mcu.externaltools.gnu-tools-for-stm32.10.3-2021.10.win32_1.0.100.202210260954/tools/bin/../lib/gcc/arm-none-eabi/10.3.1/thumb/v7e-m+fp/hard/crtbegin.o

.ccmram         0x0000000010000000        0x0 load address 0x0000000008004e28
                0x0000000010000000                . = ALIGN (0x4)
                0x0000000010000000                _sccmram = .
 *(.ccmram)
 *(.ccmram*)
                0x0000000010000000                . = ALIGN (0x4)
                0x0000000010000000                _eccmram = .
                0x0000000010000000                . = ALIGN (0x4)

.bss            0x000000002000000c      0x1cc
                0x000000002000000c                _sbss = .
                0x000000002000000c                __bss_start__ = _sbss
 *(.bss)
 .bss           0x000000002000000c       0x1c a:/stm32/stm32/stm32cubeide_1.11.2/stm32cubeide/plugins/com.st.stm32cube.ide.mcu.externaltools.gnu-tools-for-stm32.10.3-2021.10.win32_1.0.100.202210260954/tools/bin/../lib/gcc/arm-none-eabi/10.3.1/thumb/v7e-m+fp/hard/crtbegin.o
 *(.bss*)
 .bss.temp      0x0000000020000028        0x1 ./Core/Src/global.o
                0x0000000020000028                temp
 .bss.index_buffer
                0x0000000020000029        0x1 ./Core/Src/global.o
                0x0000000020000029                index_buffer
 .bss.buffer_flag
                0x000000002000002a        0x1 ./Core/Src/global.o
                0x000000002000002a                buffer_flag
 .bss.data_flag1
                0x000000002000002b        0x1 ./Core/Src/global.o
                0x000000002000002b                data_flag1
 .bss.hadc1     0x000000002000002c       0x48 ./Core/Src/main.o
                0x000000002000002c                hadc1
 .bss.hcan1     0x0000000020000074       0x28 ./Core/Src/main.o
                0x0000000020000074                hcan1
 .bss.hcan2     0x000000002000009c       0x28 ./Core/Src/main.o
                0x000000002000009c                hcan2
 .bss.htim2     0x00000000200000c4       0x48 ./Core/Src/main.o
                0x00000000200000c4                htim2
 .bss.huart2    0x000000002000010c       0x44 ./Core/Src/main.o
                0x000000002000010c                huart2
 .bss.TxHeader1
                0x0000000020000150       0x18 ./Core/Src/main.o
                0x0000000020000150                TxHeader1
 .bss.RxHeader1
                0x0000000020000168       0x1c ./Core/Src/main.o
                0x0000000020000168                RxHeader1
 .bss.TxData1   0x0000000020000184        0x8 ./Core/Src/main.o
                0x0000000020000184                TxData1
 .bss.RxData1   0x000000002000018c        0x8 ./Core/Src/main.o
                0x000000002000018c                RxData1
 .bss.TxMailbox
                0x0000000020000194        0x4 ./Core/Src/main.o
                0x0000000020000194                TxMailbox
 .bss.buffer    0x0000000020000198       0x1e ./Core/Src/main.o
                0x0000000020000198                buffer
 *fill*         0x00000000200001b6        0x2 
 .bss.HAL_RCC_CAN1_CLK_ENABLED
                0x00000000200001b8        0x4 ./Core/Src/stm32f4xx_hal_msp.o
 .bss.timer1_counter
                0x00000000200001bc        0x4 ./Core/Src/timer.o
                0x00000000200001bc                timer1_counter
 .bss.timer2_counter
                0x00000000200001c0        0x4 ./Core/Src/timer.o
                0x00000000200001c0                timer2_counter
 .bss.timer3_counter
                0x00000000200001c4        0x4 ./Core/Src/timer.o
                0x00000000200001c4                timer3_counter
 .bss.timer1_flag
                0x00000000200001c8        0x4 ./Core/Src/timer.o
                0x00000000200001c8                timer1_flag
 .bss.timer2_flag
                0x00000000200001cc        0x4 ./Core/Src/timer.o
                0x00000000200001cc                timer2_flag
 .bss.timer3_flag
                0x00000000200001d0        0x4 ./Core/Src/timer.o
                0x00000000200001d0                timer3_flag
 .bss.uwTick    0x00000000200001d4        0x4 ./Drivers/STM32F4xx_HAL_Driver/Src/stm32f4xx_hal.o
                0x00000000200001d4                uwTick
 *(COMMON)
                0x00000000200001d8                . = ALIGN (0x4)
                0x00000000200001d8                _ebss = .
                0x00000000200001d8                __bss_end__ = _ebss

._user_heap_stack
                0x00000000200001d8      0x600
                0x00000000200001d8                . = ALIGN (0x8)
                [!provide]                        PROVIDE (end = .)
                0x00000000200001d8                PROVIDE (_end = .)
                0x00000000200003d8                . = (. + _Min_Heap_Size)
 *fill*         0x00000000200001d8      0x200 
                0x00000000200007d8                . = (. + _Min_Stack_Size)
 *fill*         0x00000000200003d8      0x400 
                0x00000000200007d8                . = ALIGN (0x8)

/DISCARD/
 libc.a(*)
 libm.a(*)
 libgcc.a(*)

.ARM.attributes
                0x0000000000000000       0x30
 *(.ARM.attributes)
 .ARM.attributes
                0x0000000000000000       0x1e a:/stm32/stm32/stm32cubeide_1.11.2/stm32cubeide/plugins/com.st.stm32cube.ide.mcu.externaltools.gnu-tools-for-stm32.10.3-2021.10.win32_1.0.100.202210260954/tools/bin/../lib/gcc/arm-none-eabi/10.3.1/thumb/v7e-m+fp/hard/crti.o
 .ARM.attributes
                0x000000000000001e       0x34 a:/stm32/stm32/stm32cubeide_1.11.2/stm32cubeide/plugins/com.st.stm32cube.ide.mcu.externaltools.gnu-tools-for-stm32.10.3-2021.10.win32_1.0.100.202210260954/tools/bin/../lib/gcc/arm-none-eabi/10.3.1/thumb/v7e-m+fp/hard/crtbegin.o
 .ARM.attributes
                0x0000000000000052       0x34 ./Core/Src/global.o
 .ARM.attributes
                0x0000000000000086       0x34 ./Core/Src/main.o
 .ARM.attributes
                0x00000000000000ba       0x34 ./Core/Src/stm32f4xx_hal_msp.o
 .ARM.attributes
                0x00000000000000ee       0x34 ./Core/Src/stm32f4xx_it.o
 .ARM.attributes
                0x0000000000000122       0x34 ./Core/Src/system_stm32f4xx.o
 .ARM.attributes
                0x0000000000000156       0x34 ./Core/Src/timer.o
 .ARM.attributes
                0x000000000000018a       0x21 ./Core/Startup/startup_stm32f405rgtx.o
 .ARM.attributes
                0x00000000000001ab       0x34 ./Drivers/STM32F4xx_HAL_Driver/Src/stm32f4xx_hal.o
 .ARM.attributes
                0x00000000000001df       0x34 ./Drivers/STM32F4xx_HAL_Driver/Src/stm32f4xx_hal_adc.o
 .ARM.attributes
                0x0000000000000213       0x34 ./Drivers/STM32F4xx_HAL_Driver/Src/stm32f4xx_hal_can.o
 .ARM.attributes
                0x0000000000000247       0x34 ./Drivers/STM32F4xx_HAL_Driver/Src/stm32f4xx_hal_cortex.o
 .ARM.attributes
                0x000000000000027b       0x34 ./Drivers/STM32F4xx_HAL_Driver/Src/stm32f4xx_hal_dma.o
 .ARM.attributes
                0x00000000000002af       0x34 ./Drivers/STM32F4xx_HAL_Driver/Src/stm32f4xx_hal_gpio.o
 .ARM.attributes
                0x00000000000002e3       0x34 ./Drivers/STM32F4xx_HAL_Driver/Src/stm32f4xx_hal_rcc.o
 .ARM.attributes
                0x0000000000000317       0x34 ./Drivers/STM32F4xx_HAL_Driver/Src/stm32f4xx_hal_tim.o
 .ARM.attributes
                0x000000000000034b       0x34 ./Drivers/STM32F4xx_HAL_Driver/Src/stm32f4xx_hal_tim_ex.o
 .ARM.attributes
                0x000000000000037f       0x34 ./Drivers/STM32F4xx_HAL_Driver/Src/stm32f4xx_hal_uart.o
 .ARM.attributes
                0x00000000000003b3       0x34 a:/stm32/stm32/stm32cubeide_1.11.2/stm32cubeide/plugins/com.st.stm32cube.ide.mcu.externaltools.gnu-tools-for-stm32.10.3-2021.10.win32_1.0.100.202210260954/tools/bin/../lib/gcc/arm-none-eabi/10.3.1/../../../../arm-none-eabi/lib/thumb/v7e-m+fp/hard\libc_nano.a(lib_a-init.o)
 .ARM.attributes
                0x00000000000003e7       0x34 a:/stm32/stm32/stm32cubeide_1.11.2/stm32cubeide/plugins/com.st.stm32cube.ide.mcu.externaltools.gnu-tools-for-stm32.10.3-2021.10.win32_1.0.100.202210260954/tools/bin/../lib/gcc/arm-none-eabi/10.3.1/../../../../arm-none-eabi/lib/thumb/v7e-m+fp/hard\libc_nano.a(lib_a-memset.o)
 .ARM.attributes
                0x000000000000041b       0x1e a:/stm32/stm32/stm32cubeide_1.11.2/stm32cubeide/plugins/com.st.stm32cube.ide.mcu.externaltools.gnu-tools-for-stm32.10.3-2021.10.win32_1.0.100.202210260954/tools/bin/../lib/gcc/arm-none-eabi/10.3.1/thumb/v7e-m+fp/hard\libgcc.a(_aeabi_uldivmod.o)
 .ARM.attributes
                0x0000000000000439       0x34 a:/stm32/stm32/stm32cubeide_1.11.2/stm32cubeide/plugins/com.st.stm32cube.ide.mcu.externaltools.gnu-tools-for-stm32.10.3-2021.10.win32_1.0.100.202210260954/tools/bin/../lib/gcc/arm-none-eabi/10.3.1/thumb/v7e-m+fp/hard\libgcc.a(_udivmoddi4.o)
 .ARM.attributes
                0x000000000000046d       0x1e a:/stm32/stm32/stm32cubeide_1.11.2/stm32cubeide/plugins/com.st.stm32cube.ide.mcu.externaltools.gnu-tools-for-stm32.10.3-2021.10.win32_1.0.100.202210260954/tools/bin/../lib/gcc/arm-none-eabi/10.3.1/thumb/v7e-m+fp/hard\libgcc.a(_dvmd_tls.o)
 .ARM.attributes
                0x000000000000048b       0x1e a:/stm32/stm32/stm32cubeide_1.11.2/stm32cubeide/plugins/com.st.stm32cube.ide.mcu.externaltools.gnu-tools-for-stm32.10.3-2021.10.win32_1.0.100.202210260954/tools/bin/../lib/gcc/arm-none-eabi/10.3.1/thumb/v7e-m+fp/hard/crtn.o
OUTPUT(can_communication.elf elf32-littlearm)
LOAD linker stubs
LOAD a:/stm32/stm32/stm32cubeide_1.11.2/stm32cubeide/plugins/com.st.stm32cube.ide.mcu.externaltools.gnu-tools-for-stm32.10.3-2021.10.win32_1.0.100.202210260954/tools/bin/../lib/gcc/arm-none-eabi/10.3.1/../../../../arm-none-eabi/lib/thumb/v7e-m+fp/hard\libc.a
LOAD a:/stm32/stm32/stm32cubeide_1.11.2/stm32cubeide/plugins/com.st.stm32cube.ide.mcu.externaltools.gnu-tools-for-stm32.10.3-2021.10.win32_1.0.100.202210260954/tools/bin/../lib/gcc/arm-none-eabi/10.3.1/../../../../arm-none-eabi/lib/thumb/v7e-m+fp/hard\libm.a
LOAD a:/stm32/stm32/stm32cubeide_1.11.2/stm32cubeide/plugins/com.st.stm32cube.ide.mcu.externaltools.gnu-tools-for-stm32.10.3-2021.10.win32_1.0.100.202210260954/tools/bin/../lib/gcc/arm-none-eabi/10.3.1/thumb/v7e-m+fp/hard\libgcc.a

.debug_info     0x0000000000000000    0x10ea6
 .debug_info    0x0000000000000000      0x14d ./Core/Src/global.o
 .debug_info    0x000000000000014d     0x1f11 ./Core/Src/main.o
 .debug_info    0x000000000000205e     0x1739 ./Core/Src/stm32f4xx_hal_msp.o
 .debug_info    0x0000000000003797      0xe33 ./Core/Src/stm32f4xx_it.o
 .debug_info    0x00000000000045ca      0x523 ./Core/Src/system_stm32f4xx.o
 .debug_info    0x0000000000004aed      0x17b ./Core/Src/timer.o
 .debug_info    0x0000000000004c68       0x22 ./Core/Startup/startup_stm32f405rgtx.o
 .debug_info    0x0000000000004c8a      0x96a ./Drivers/STM32F4xx_HAL_Driver/Src/stm32f4xx_hal.o
 .debug_info    0x00000000000055f4      0xd70 ./Drivers/STM32F4xx_HAL_Driver/Src/stm32f4xx_hal_adc.o
 .debug_info    0x0000000000006364      0xfc0 ./Drivers/STM32F4xx_HAL_Driver/Src/stm32f4xx_hal_can.o
 .debug_info    0x0000000000007324      0xe09 ./Drivers/STM32F4xx_HAL_Driver/Src/stm32f4xx_hal_cortex.o
 .debug_info    0x000000000000812d      0x94f ./Drivers/STM32F4xx_HAL_Driver/Src/stm32f4xx_hal_dma.o
 .debug_info    0x0000000000008a7c      0x76a ./Drivers/STM32F4xx_HAL_Driver/Src/stm32f4xx_hal_gpio.o
 .debug_info    0x00000000000091e6      0x966 ./Drivers/STM32F4xx_HAL_Driver/Src/stm32f4xx_hal_rcc.o
 .debug_info    0x0000000000009b4c     0x2bbe ./Drivers/STM32F4xx_HAL_Driver/Src/stm32f4xx_hal_tim.o
 .debug_info    0x000000000000c70a     0x15e0 ./Drivers/STM32F4xx_HAL_Driver/Src/stm32f4xx_hal_tim_ex.o
 .debug_info    0x000000000000dcea     0x31bc ./Drivers/STM32F4xx_HAL_Driver/Src/stm32f4xx_hal_uart.o

.debug_abbrev   0x0000000000000000     0x220b
 .debug_abbrev  0x0000000000000000       0x7f ./Core/Src/global.o
 .debug_abbrev  0x000000000000007f      0x369 ./Core/Src/main.o
 .debug_abbrev  0x00000000000003e8      0x23b ./Core/Src/stm32f4xx_hal_msp.o
 .debug_abbrev  0x0000000000000623      0x1fc ./Core/Src/stm32f4xx_it.o
 .debug_abbrev  0x000000000000081f      0x116 ./Core/Src/system_stm32f4xx.o
 .debug_abbrev  0x0000000000000935       0xc1 ./Core/Src/timer.o
 .debug_abbrev  0x00000000000009f6       0x12 ./Core/Startup/startup_stm32f405rgtx.o
 .debug_abbrev  0x0000000000000a08      0x20d ./Drivers/STM32F4xx_HAL_Driver/Src/stm32f4xx_hal.o
 .debug_abbrev  0x0000000000000c15      0x244 ./Drivers/STM32F4xx_HAL_Driver/Src/stm32f4xx_hal_adc.o
 .debug_abbrev  0x0000000000000e59      0x21d ./Drivers/STM32F4xx_HAL_Driver/Src/stm32f4xx_hal_can.o
 .debug_abbrev  0x0000000000001076      0x316 ./Drivers/STM32F4xx_HAL_Driver/Src/stm32f4xx_hal_cortex.o
 .debug_abbrev  0x000000000000138c      0x25b ./Drivers/STM32F4xx_HAL_Driver/Src/stm32f4xx_hal_dma.o
 .debug_abbrev  0x00000000000015e7      0x1c4 ./Drivers/STM32F4xx_HAL_Driver/Src/stm32f4xx_hal_gpio.o
 .debug_abbrev  0x00000000000017ab      0x2aa ./Drivers/STM32F4xx_HAL_Driver/Src/stm32f4xx_hal_rcc.o
 .debug_abbrev  0x0000000000001a55      0x25d ./Drivers/STM32F4xx_HAL_Driver/Src/stm32f4xx_hal_tim.o
 .debug_abbrev  0x0000000000001cb2      0x265 ./Drivers/STM32F4xx_HAL_Driver/Src/stm32f4xx_hal_tim_ex.o
 .debug_abbrev  0x0000000000001f17      0x2f4 ./Drivers/STM32F4xx_HAL_Driver/Src/stm32f4xx_hal_uart.o

.debug_aranges  0x0000000000000000      0xed8
 .debug_aranges
                0x0000000000000000       0x18 ./Core/Src/global.o
 .debug_aranges
                0x0000000000000018       0x80 ./Core/Src/main.o
 .debug_aranges
                0x0000000000000098       0x60 ./Core/Src/stm32f4xx_hal_msp.o
 .debug_aranges
                0x00000000000000f8       0x88 ./Core/Src/stm32f4xx_it.o
 .debug_aranges
                0x0000000000000180       0x28 ./Core/Src/system_stm32f4xx.o
 .debug_aranges
                0x00000000000001a8       0x38 ./Core/Src/timer.o
 .debug_aranges
                0x00000000000001e0       0x28 ./Core/Startup/startup_stm32f405rgtx.o
 .debug_aranges
                0x0000000000000208       0xf0 ./Drivers/STM32F4xx_HAL_Driver/Src/stm32f4xx_hal.o
 .debug_aranges
                0x00000000000002f8       0xe8 ./Drivers/STM32F4xx_HAL_Driver/Src/stm32f4xx_hal_adc.o
 .debug_aranges
                0x00000000000003e0      0x138 ./Drivers/STM32F4xx_HAL_Driver/Src/stm32f4xx_hal_can.o
 .debug_aranges
                0x0000000000000518      0x118 ./Drivers/STM32F4xx_HAL_Driver/Src/stm32f4xx_hal_cortex.o
 .debug_aranges
                0x0000000000000630       0x90 ./Drivers/STM32F4xx_HAL_Driver/Src/stm32f4xx_hal_dma.o
 .debug_aranges
                0x00000000000006c0       0x58 ./Drivers/STM32F4xx_HAL_Driver/Src/stm32f4xx_hal_gpio.o
 .debug_aranges
                0x0000000000000718       0x88 ./Drivers/STM32F4xx_HAL_Driver/Src/stm32f4xx_hal_rcc.o
 .debug_aranges
                0x00000000000007a0      0x3d0 ./Drivers/STM32F4xx_HAL_Driver/Src/stm32f4xx_hal_tim.o
 .debug_aranges
                0x0000000000000b70      0x168 ./Drivers/STM32F4xx_HAL_Driver/Src/stm32f4xx_hal_tim_ex.o
 .debug_aranges
                0x0000000000000cd8      0x200 ./Drivers/STM32F4xx_HAL_Driver/Src/stm32f4xx_hal_uart.o

.debug_macro    0x0000000000000000    0x2108f
 .debug_macro   0x0000000000000000      0x21a ./Core/Src/global.o
 .debug_macro   0x000000000000021a      0xa78 ./Core/Src/global.o
 .debug_macro   0x0000000000000c92      0x2a7 ./Core/Src/global.o
 .debug_macro   0x0000000000000f39       0x2e ./Core/Src/global.o
 .debug_macro   0x0000000000000f67       0x2f ./Core/Src/global.o
 .debug_macro   0x0000000000000f96       0x22 ./Core/Src/global.o
 .debug_macro   0x0000000000000fb8       0x8e ./Core/Src/global.o
 .debug_macro   0x0000000000001046       0x51 ./Core/Src/global.o
 .debug_macro   0x0000000000001097      0x103 ./Core/Src/global.o
 .debug_macro   0x000000000000119a       0x6a ./Core/Src/global.o
 .debug_macro   0x0000000000001204      0x1df ./Core/Src/global.o
 .debug_macro   0x00000000000013e3       0x1c ./Core/Src/global.o
 .debug_macro   0x00000000000013ff       0x22 ./Core/Src/global.o
 .debug_macro   0x0000000000001421       0xd9 ./Core/Src/global.o
 .debug_macro   0x00000000000014fa     0x102d ./Core/Src/global.o
 .debug_macro   0x0000000000002527      0x11f ./Core/Src/global.o
 .debug_macro   0x0000000000002646    0x1426d ./Core/Src/global.o
 .debug_macro   0x00000000000168b3       0x6d ./Core/Src/global.o
 .debug_macro   0x0000000000016920     0x367e ./Core/Src/global.o
 .debug_macro   0x0000000000019f9e      0x174 ./Core/Src/global.o
 .debug_macro   0x000000000001a112       0x5c ./Core/Src/global.o
 .debug_macro   0x000000000001a16e      0x8a7 ./Core/Src/global.o
 .debug_macro   0x000000000001aa15      0x9fe ./Core/Src/global.o
 .debug_macro   0x000000000001b413      0x115 ./Core/Src/global.o
 .debug_macro   0x000000000001b528      0x130 ./Core/Src/global.o
 .debug_macro   0x000000000001b658       0xa5 ./Core/Src/global.o
 .debug_macro   0x000000000001b6fd      0x174 ./Core/Src/global.o
 .debug_macro   0x000000000001b871      0x287 ./Core/Src/global.o
 .debug_macro   0x000000000001baf8       0x5f ./Core/Src/global.o
 .debug_macro   0x000000000001bb57      0x236 ./Core/Src/global.o
 .debug_macro   0x000000000001bd8d      0xb5b ./Core/Src/global.o
 .debug_macro   0x000000000001c8e8      0x38b ./Core/Src/global.o
 .debug_macro   0x000000000001cc73      0x176 ./Core/Src/global.o
 .debug_macro   0x000000000001cde9       0xf9 ./Core/Src/global.o
 .debug_macro   0x000000000001cee2      0x40f ./Core/Src/global.o
 .debug_macro   0x000000000001d2f1      0x12c ./Core/Src/global.o
 .debug_macro   0x000000000001d41d      0x21e ./Core/Src/global.o
 .debug_macro   0x000000000001d63b       0x2e ./Core/Src/global.o
 .debug_macro   0x000000000001d669      0x11a ./Core/Src/global.o
 .debug_macro   0x000000000001d783       0x7e ./Core/Src/global.o
 .debug_macro   0x000000000001d801       0x89 ./Core/Src/global.o
 .debug_macro   0x000000000001d88a      0x8e6 ./Core/Src/global.o
 .debug_macro   0x000000000001e170       0x47 ./Core/Src/global.o
 .debug_macro   0x000000000001e1b7      0x295 ./Core/Src/global.o
 .debug_macro   0x000000000001e44c      0x12d ./Core/Src/global.o
 .debug_macro   0x000000000001e579      0x380 ./Core/Src/main.o
 .debug_macro   0x000000000001e8f9       0x10 ./Core/Src/main.o
 .debug_macro   0x000000000001e909       0x52 ./Core/Src/main.o
 .debug_macro   0x000000000001e95b       0x1e ./Core/Src/main.o
 .debug_macro   0x000000000001e979       0x3c ./Core/Src/main.o
 .debug_macro   0x000000000001e9b5       0x34 ./Core/Src/main.o
 .debug_macro   0x000000000001e9e9       0x16 ./Core/Src/main.o
 .debug_macro   0x000000000001e9ff       0x35 ./Core/Src/main.o
 .debug_macro   0x000000000001ea34      0x341 ./Core/Src/main.o
 .debug_macro   0x000000000001ed75       0x10 ./Core/Src/main.o
 .debug_macro   0x000000000001ed85       0x16 ./Core/Src/main.o
 .debug_macro   0x000000000001ed9b       0x43 ./Core/Src/main.o
 .debug_macro   0x000000000001edde       0x34 ./Core/Src/main.o
 .debug_macro   0x000000000001ee12       0x10 ./Core/Src/main.o
 .debug_macro   0x000000000001ee22       0x58 ./Core/Src/main.o
 .debug_macro   0x000000000001ee7a       0x71 ./Core/Src/main.o
 .debug_macro   0x000000000001eeeb       0x1c ./Core/Src/main.o
 .debug_macro   0x000000000001ef07      0x12a ./Core/Src/main.o
 .debug_macro   0x000000000001f031       0x10 ./Core/Src/main.o
 .debug_macro   0x000000000001f041       0x1c ./Core/Src/main.o
 .debug_macro   0x000000000001f05d       0x52 ./Core/Src/main.o
 .debug_macro   0x000000000001f0af       0x22 ./Core/Src/main.o
 .debug_macro   0x000000000001f0d1       0x10 ./Core/Src/main.o
 .debug_macro   0x000000000001f0e1       0x52 ./Core/Src/main.o
 .debug_macro   0x000000000001f133       0xd5 ./Core/Src/main.o
 .debug_macro   0x000000000001f208       0x1c ./Core/Src/main.o
 .debug_macro   0x000000000001f224       0x3d ./Core/Src/main.o
 .debug_macro   0x000000000001f261       0x16 ./Core/Src/main.o
 .debug_macro   0x000000000001f277      0x145 ./Core/Src/main.o
 .debug_macro   0x000000000001f3bc      0x20a ./Core/Src/stm32f4xx_hal_msp.o
 .debug_macro   0x000000000001f5c6      0x214 ./Core/Src/stm32f4xx_it.o
 .debug_macro   0x000000000001f7da      0x200 ./Core/Src/system_stm32f4xx.o
 .debug_macro   0x000000000001f9da      0x21a ./Core/Src/timer.o
 .debug_macro   0x000000000001fbf4      0x260 ./Drivers/STM32F4xx_HAL_Driver/Src/stm32f4xx_hal.o
 .debug_macro   0x000000000001fe54      0x201 ./Drivers/STM32F4xx_HAL_Driver/Src/stm32f4xx_hal_adc.o
 .debug_macro   0x0000000000020055      0x208 ./Drivers/STM32F4xx_HAL_Driver/Src/stm32f4xx_hal_can.o
 .debug_macro   0x000000000002025d      0x200 ./Drivers/STM32F4xx_HAL_Driver/Src/stm32f4xx_hal_cortex.o
 .debug_macro   0x000000000002045d      0x206 ./Drivers/STM32F4xx_HAL_Driver/Src/stm32f4xx_hal_dma.o
 .debug_macro   0x0000000000020663      0x206 ./Drivers/STM32F4xx_HAL_Driver/Src/stm32f4xx_hal_gpio.o
 .debug_macro   0x0000000000020869      0x224 ./Drivers/STM32F4xx_HAL_Driver/Src/stm32f4xx_hal_rcc.o
 .debug_macro   0x0000000000020a8d      0x201 ./Drivers/STM32F4xx_HAL_Driver/Src/stm32f4xx_hal_tim.o
 .debug_macro   0x0000000000020c8e      0x200 ./Drivers/STM32F4xx_HAL_Driver/Src/stm32f4xx_hal_tim_ex.o
 .debug_macro   0x0000000000020e8e      0x201 ./Drivers/STM32F4xx_HAL_Driver/Src/stm32f4xx_hal_uart.o

.debug_line     0x0000000000000000    0x11579
 .debug_line    0x0000000000000000      0x72e ./Core/Src/global.o
 .debug_line    0x000000000000072e      0xcaa ./Core/Src/main.o
 .debug_line    0x00000000000013d8      0x8ca ./Core/Src/stm32f4xx_hal_msp.o
 .debug_line    0x0000000000001ca2      0x880 ./Core/Src/stm32f4xx_it.o
 .debug_line    0x0000000000002522      0x7c7 ./Core/Src/system_stm32f4xx.o
 .debug_line    0x0000000000002ce9      0x7cd ./Core/Src/timer.o
 .debug_line    0x00000000000034b6       0x88 ./Core/Startup/startup_stm32f405rgtx.o
 .debug_line    0x000000000000353e      0xa2d ./Drivers/STM32F4xx_HAL_Driver/Src/stm32f4xx_hal.o
 .debug_line    0x0000000000003f6b     0x12a3 ./Drivers/STM32F4xx_HAL_Driver/Src/stm32f4xx_hal_adc.o
 .debug_line    0x000000000000520e     0x1199 ./Drivers/STM32F4xx_HAL_Driver/Src/stm32f4xx_hal_can.o
 .debug_line    0x00000000000063a7      0xcdc ./Drivers/STM32F4xx_HAL_Driver/Src/stm32f4xx_hal_cortex.o
 .debug_line    0x0000000000007083      0xf91 ./Drivers/STM32F4xx_HAL_Driver/Src/stm32f4xx_hal_dma.o
 .debug_line    0x0000000000008014      0xba1 ./Drivers/STM32F4xx_HAL_Driver/Src/stm32f4xx_hal_gpio.o
 .debug_line    0x0000000000008bb5      0xda7 ./Drivers/STM32F4xx_HAL_Driver/Src/stm32f4xx_hal_rcc.o
 .debug_line    0x000000000000995c     0x3721 ./Drivers/STM32F4xx_HAL_Driver/Src/stm32f4xx_hal_tim.o
 .debug_line    0x000000000000d07d     0x1a2a ./Drivers/STM32F4xx_HAL_Driver/Src/stm32f4xx_hal_tim_ex.o
 .debug_line    0x000000000000eaa7     0x2ad2 ./Drivers/STM32F4xx_HAL_Driver/Src/stm32f4xx_hal_uart.o

.debug_str      0x0000000000000000    0xcf3b2
 .debug_str     0x0000000000000000    0xc6e16 ./Core/Src/global.o
                                      0xc7086 (size before relaxing)
 .debug_str     0x00000000000c6e16     0x53d8 ./Core/Src/main.o
                                      0xcc5bb (size before relaxing)
 .debug_str     0x00000000000cc1ee      0x10c ./Core/Src/stm32f4xx_hal_msp.o
                                      0xc8254 (size before relaxing)
 .debug_str     0x00000000000cc2fa      0x17b ./Core/Src/stm32f4xx_it.o
                                      0xc7b2e (size before relaxing)
 .debug_str     0x00000000000cc475       0xdb ./Core/Src/system_stm32f4xx.o
                                      0xc71f0 (size before relaxing)
 .debug_str     0x00000000000cc550       0x85 ./Core/Src/timer.o
                                      0xc70af (size before relaxing)
 .debug_str     0x00000000000cc5d5       0x36 ./Core/Startup/startup_stm32f405rgtx.o
                                         0x43 (size before relaxing)
 .debug_str     0x00000000000cc60b      0x60d ./Drivers/STM32F4xx_HAL_Driver/Src/stm32f4xx_hal.o
                                      0xc7d53 (size before relaxing)
 .debug_str     0x00000000000ccc18      0x2c3 ./Drivers/STM32F4xx_HAL_Driver/Src/stm32f4xx_hal_adc.o
                                      0xc77dd (size before relaxing)
 .debug_str     0x00000000000ccedb      0x3b9 ./Drivers/STM32F4xx_HAL_Driver/Src/stm32f4xx_hal_can.o
                                      0xc78dc (size before relaxing)
 .debug_str     0x00000000000cd294      0x326 ./Drivers/STM32F4xx_HAL_Driver/Src/stm32f4xx_hal_cortex.o
                                      0xc7a86 (size before relaxing)
 .debug_str     0x00000000000cd5ba      0x2f6 ./Drivers/STM32F4xx_HAL_Driver/Src/stm32f4xx_hal_dma.o
                                      0xc760a (size before relaxing)
 .debug_str     0x00000000000cd8b0      0x103 ./Drivers/STM32F4xx_HAL_Driver/Src/stm32f4xx_hal_gpio.o
                                      0xc736b (size before relaxing)
 .debug_str     0x00000000000cd9b3      0x233 ./Drivers/STM32F4xx_HAL_Driver/Src/stm32f4xx_hal_rcc.o
                                      0xc7624 (size before relaxing)
 .debug_str     0x00000000000cdbe6      0xd95 ./Drivers/STM32F4xx_HAL_Driver/Src/stm32f4xx_hal_tim.o
                                      0xc856a (size before relaxing)
 .debug_str     0x00000000000ce97b      0x493 ./Drivers/STM32F4xx_HAL_Driver/Src/stm32f4xx_hal_tim_ex.o
                                      0xc7d86 (size before relaxing)
 .debug_str     0x00000000000cee0e      0x5a4 ./Drivers/STM32F4xx_HAL_Driver/Src/stm32f4xx_hal_uart.o
                                      0xc7bc3 (size before relaxing)

.comment        0x0000000000000000       0x50
 .comment       0x0000000000000000       0x50 ./Core/Src/global.o
                                         0x51 (size before relaxing)
 .comment       0x0000000000000050       0x51 ./Core/Src/main.o
 .comment       0x0000000000000050       0x51 ./Core/Src/stm32f4xx_hal_msp.o
 .comment       0x0000000000000050       0x51 ./Core/Src/stm32f4xx_it.o
 .comment       0x0000000000000050       0x51 ./Core/Src/system_stm32f4xx.o
 .comment       0x0000000000000050       0x51 ./Core/Src/timer.o
 .comment       0x0000000000000050       0x51 ./Drivers/STM32F4xx_HAL_Driver/Src/stm32f4xx_hal.o
 .comment       0x0000000000000050       0x51 ./Drivers/STM32F4xx_HAL_Driver/Src/stm32f4xx_hal_adc.o
 .comment       0x0000000000000050       0x51 ./Drivers/STM32F4xx_HAL_Driver/Src/stm32f4xx_hal_can.o
 .comment       0x0000000000000050       0x51 ./Drivers/STM32F4xx_HAL_Driver/Src/stm32f4xx_hal_cortex.o
 .comment       0x0000000000000050       0x51 ./Drivers/STM32F4xx_HAL_Driver/Src/stm32f4xx_hal_dma.o
 .comment       0x0000000000000050       0x51 ./Drivers/STM32F4xx_HAL_Driver/Src/stm32f4xx_hal_gpio.o
 .comment       0x0000000000000050       0x51 ./Drivers/STM32F4xx_HAL_Driver/Src/stm32f4xx_hal_rcc.o
 .comment       0x0000000000000050       0x51 ./Drivers/STM32F4xx_HAL_Driver/Src/stm32f4xx_hal_tim.o
 .comment       0x0000000000000050       0x51 ./Drivers/STM32F4xx_HAL_Driver/Src/stm32f4xx_hal_tim_ex.o
 .comment       0x0000000000000050       0x51 ./Drivers/STM32F4xx_HAL_Driver/Src/stm32f4xx_hal_uart.o

.debug_ranges   0x0000000000000000      0xdf8
 .debug_ranges  0x0000000000000000       0x70 ./Core/Src/main.o
 .debug_ranges  0x0000000000000070       0x50 ./Core/Src/stm32f4xx_hal_msp.o
 .debug_ranges  0x00000000000000c0       0x78 ./Core/Src/stm32f4xx_it.o
 .debug_ranges  0x0000000000000138       0x18 ./Core/Src/system_stm32f4xx.o
 .debug_ranges  0x0000000000000150       0x28 ./Core/Src/timer.o
 .debug_ranges  0x0000000000000178       0x20 ./Core/Startup/startup_stm32f405rgtx.o
 .debug_ranges  0x0000000000000198       0xe0 ./Drivers/STM32F4xx_HAL_Driver/Src/stm32f4xx_hal.o
 .debug_ranges  0x0000000000000278       0xd8 ./Drivers/STM32F4xx_HAL_Driver/Src/stm32f4xx_hal_adc.o
 .debug_ranges  0x0000000000000350      0x128 ./Drivers/STM32F4xx_HAL_Driver/Src/stm32f4xx_hal_can.o
 .debug_ranges  0x0000000000000478      0x108 ./Drivers/STM32F4xx_HAL_Driver/Src/stm32f4xx_hal_cortex.o
 .debug_ranges  0x0000000000000580       0x80 ./Drivers/STM32F4xx_HAL_Driver/Src/stm32f4xx_hal_dma.o
 .debug_ranges  0x0000000000000600       0x48 ./Drivers/STM32F4xx_HAL_Driver/Src/stm32f4xx_hal_gpio.o
 .debug_ranges  0x0000000000000648       0x78 ./Drivers/STM32F4xx_HAL_Driver/Src/stm32f4xx_hal_rcc.o
 .debug_ranges  0x00000000000006c0      0x3c0 ./Drivers/STM32F4xx_HAL_Driver/Src/stm32f4xx_hal_tim.o
 .debug_ranges  0x0000000000000a80      0x158 ./Drivers/STM32F4xx_HAL_Driver/Src/stm32f4xx_hal_tim_ex.o
 .debug_ranges  0x0000000000000bd8      0x220 ./Drivers/STM32F4xx_HAL_Driver/Src/stm32f4xx_hal_uart.o

.debug_frame    0x0000000000000000     0x3ec0
 .debug_frame   0x0000000000000000      0x1cc ./Core/Src/main.o
 .debug_frame   0x00000000000001cc      0x158 ./Core/Src/stm32f4xx_hal_msp.o
 .debug_frame   0x0000000000000324      0x190 ./Core/Src/stm32f4xx_it.o
 .debug_frame   0x00000000000004b4       0x58 ./Core/Src/system_stm32f4xx.o
 .debug_frame   0x000000000000050c       0xa8 ./Core/Src/timer.o
 .debug_frame   0x00000000000005b4      0x374 ./Drivers/STM32F4xx_HAL_Driver/Src/stm32f4xx_hal.o
 .debug_frame   0x0000000000000928      0x3fc ./Drivers/STM32F4xx_HAL_Driver/Src/stm32f4xx_hal_adc.o
 .debug_frame   0x0000000000000d24      0x5a0 ./Drivers/STM32F4xx_HAL_Driver/Src/stm32f4xx_hal_can.o
 .debug_frame   0x00000000000012c4      0x498 ./Drivers/STM32F4xx_HAL_Driver/Src/stm32f4xx_hal_cortex.o
 .debug_frame   0x000000000000175c      0x250 ./Drivers/STM32F4xx_HAL_Driver/Src/stm32f4xx_hal_dma.o
 .debug_frame   0x00000000000019ac      0x14c ./Drivers/STM32F4xx_HAL_Driver/Src/stm32f4xx_hal_gpio.o
 .debug_frame   0x0000000000001af8      0x1f4 ./Drivers/STM32F4xx_HAL_Driver/Src/stm32f4xx_hal_rcc.o
 .debug_frame   0x0000000000001cec     0x11c4 ./Drivers/STM32F4xx_HAL_Driver/Src/stm32f4xx_hal_tim.o
 .debug_frame   0x0000000000002eb0      0x638 ./Drivers/STM32F4xx_HAL_Driver/Src/stm32f4xx_hal_tim_ex.o
 .debug_frame   0x00000000000034e8      0x92c ./Drivers/STM32F4xx_HAL_Driver/Src/stm32f4xx_hal_uart.o
 .debug_frame   0x0000000000003e14       0x2c a:/stm32/stm32/stm32cubeide_1.11.2/stm32cubeide/plugins/com.st.stm32cube.ide.mcu.externaltools.gnu-tools-for-stm32.10.3-2021.10.win32_1.0.100.202210260954/tools/bin/../lib/gcc/arm-none-eabi/10.3.1/../../../../arm-none-eabi/lib/thumb/v7e-m+fp/hard\libc_nano.a(lib_a-init.o)
 .debug_frame   0x0000000000003e40       0x20 a:/stm32/stm32/stm32cubeide_1.11.2/stm32cubeide/plugins/com.st.stm32cube.ide.mcu.externaltools.gnu-tools-for-stm32.10.3-2021.10.win32_1.0.100.202210260954/tools/bin/../lib/gcc/arm-none-eabi/10.3.1/../../../../arm-none-eabi/lib/thumb/v7e-m+fp/hard\libc_nano.a(lib_a-memset.o)
 .debug_frame   0x0000000000003e60       0x2c a:/stm32/stm32/stm32cubeide_1.11.2/stm32cubeide/plugins/com.st.stm32cube.ide.mcu.externaltools.gnu-tools-for-stm32.10.3-2021.10.win32_1.0.100.202210260954/tools/bin/../lib/gcc/arm-none-eabi/10.3.1/thumb/v7e-m+fp/hard\libgcc.a(_aeabi_uldivmod.o)
 .debug_frame   0x0000000000003e8c       0x34 a:/stm32/stm32/stm32cubeide_1.11.2/stm32cubeide/plugins/com.st.stm32cube.ide.mcu.externaltools.gnu-tools-for-stm32.10.3-2021.10.win32_1.0.100.202210260954/tools/bin/../lib/gcc/arm-none-eabi/10.3.1/thumb/v7e-m+fp/hard\libgcc.a(_udivmoddi4.o)
