Archive member included to satisfy reference by file (symbol)

a:/stm32/stm32/stm32cubeide_1.11.2/stm32cubeide/plugins/com.st.stm32cube.ide.mcu.externaltools.gnu-tools-for-stm32.10.3-2021.10.win32_1.0.100.202210260954/tools/bin/../lib/gcc/arm-none-eabi/10.3.1/../../../../arm-none-eabi/lib/thumb/v7e-m+fp/hard\libc_nano.a(lib_a-errno.o)
                              ./Core/Src/syscalls.o (__errno)
a:/stm32/stm32/stm32cubeide_1.11.2/stm32cubeide/plugins/com.st.stm32cube.ide.mcu.externaltools.gnu-tools-for-stm32.10.3-2021.10.win32_1.0.100.202210260954/tools/bin/../lib/gcc/arm-none-eabi/10.3.1/../../../../arm-none-eabi/lib/thumb/v7e-m+fp/hard\libc_nano.a(lib_a-exit.o)
                              a:/stm32/stm32/stm32cubeide_1.11.2/stm32cubeide/plugins/com.st.stm32cube.ide.mcu.externaltools.gnu-tools-for-stm32.10.3-2021.10.win32_1.0.100.202210260954/tools/bin/../lib/gcc/arm-none-eabi/10.3.1/../../../../arm-none-eabi/lib/thumb/v7e-m+fp/hard/crt0.o (exit)
a:/stm32/stm32/stm32cubeide_1.11.2/stm32cubeide/plugins/com.st.stm32cube.ide.mcu.externaltools.gnu-tools-for-stm32.10.3-2021.10.win32_1.0.100.202210260954/tools/bin/../lib/gcc/arm-none-eabi/10.3.1/../../../../arm-none-eabi/lib/thumb/v7e-m+fp/hard\libc_nano.a(lib_a-impure.o)
                              a:/stm32/stm32/stm32cubeide_1.11.2/stm32cubeide/plugins/com.st.stm32cube.ide.mcu.externaltools.gnu-tools-for-stm32.10.3-2021.10.win32_1.0.100.202210260954/tools/bin/../lib/gcc/arm-none-eabi/10.3.1/../../../../arm-none-eabi/lib/thumb/v7e-m+fp/hard\libc_nano.a(lib_a-exit.o) (_global_impure_ptr)
a:/stm32/stm32/stm32cubeide_1.11.2/stm32cubeide/plugins/com.st.stm32cube.ide.mcu.externaltools.gnu-tools-for-stm32.10.3-2021.10.win32_1.0.100.202210260954/tools/bin/../lib/gcc/arm-none-eabi/10.3.1/../../../../arm-none-eabi/lib/thumb/v7e-m+fp/hard\libc_nano.a(lib_a-init.o)
                              a:/stm32/stm32/stm32cubeide_1.11.2/stm32cubeide/plugins/com.st.stm32cube.ide.mcu.externaltools.gnu-tools-for-stm32.10.3-2021.10.win32_1.0.100.202210260954/tools/bin/../lib/gcc/arm-none-eabi/10.3.1/../../../../arm-none-eabi/lib/thumb/v7e-m+fp/hard/crt0.o (__libc_init_array)
a:/stm32/stm32/stm32cubeide_1.11.2/stm32cubeide/plugins/com.st.stm32cube.ide.mcu.externaltools.gnu-tools-for-stm32.10.3-2021.10.win32_1.0.100.202210260954/tools/bin/../lib/gcc/arm-none-eabi/10.3.1/../../../../arm-none-eabi/lib/thumb/v7e-m+fp/hard\libc_nano.a(lib_a-memset.o)
                              a:/stm32/stm32/stm32cubeide_1.11.2/stm32cubeide/plugins/com.st.stm32cube.ide.mcu.externaltools.gnu-tools-for-stm32.10.3-2021.10.win32_1.0.100.202210260954/tools/bin/../lib/gcc/arm-none-eabi/10.3.1/../../../../arm-none-eabi/lib/thumb/v7e-m+fp/hard/crt0.o (memset)
a:/stm32/stm32/stm32cubeide_1.11.2/stm32cubeide/plugins/com.st.stm32cube.ide.mcu.externaltools.gnu-tools-for-stm32.10.3-2021.10.win32_1.0.100.202210260954/tools/bin/../lib/gcc/arm-none-eabi/10.3.1/thumb/v7e-m+fp/hard\libgcc.a(_aeabi_uldivmod.o)
                              ./Drivers/STM32F4xx_HAL_Driver/Src/stm32f4xx_hal_rcc.o (__aeabi_uldivmod)
a:/stm32/stm32/stm32cubeide_1.11.2/stm32cubeide/plugins/com.st.stm32cube.ide.mcu.externaltools.gnu-tools-for-stm32.10.3-2021.10.win32_1.0.100.202210260954/tools/bin/../lib/gcc/arm-none-eabi/10.3.1/thumb/v7e-m+fp/hard\libgcc.a(_udivmoddi4.o)
                              a:/stm32/stm32/stm32cubeide_1.11.2/stm32cubeide/plugins/com.st.stm32cube.ide.mcu.externaltools.gnu-tools-for-stm32.10.3-2021.10.win32_1.0.100.202210260954/tools/bin/../lib/gcc/arm-none-eabi/10.3.1/thumb/v7e-m+fp/hard\libgcc.a(_aeabi_uldivmod.o) (__udivmoddi4)
a:/stm32/stm32/stm32cubeide_1.11.2/stm32cubeide/plugins/com.st.stm32cube.ide.mcu.externaltools.gnu-tools-for-stm32.10.3-2021.10.win32_1.0.100.202210260954/tools/bin/../lib/gcc/arm-none-eabi/10.3.1/thumb/v7e-m+fp/hard\libgcc.a(_dvmd_tls.o)
                              a:/stm32/stm32/stm32cubeide_1.11.2/stm32cubeide/plugins/com.st.stm32cube.ide.mcu.externaltools.gnu-tools-for-stm32.10.3-2021.10.win32_1.0.100.202210260954/tools/bin/../lib/gcc/arm-none-eabi/10.3.1/thumb/v7e-m+fp/hard\libgcc.a(_aeabi_uldivmod.o) (__aeabi_ldiv0)

Discarded input sections

 .text          0x0000000000000000        0x0 a:/stm32/stm32/stm32cubeide_1.11.2/stm32cubeide/plugins/com.st.stm32cube.ide.mcu.externaltools.gnu-tools-for-stm32.10.3-2021.10.win32_1.0.100.202210260954/tools/bin/../lib/gcc/arm-none-eabi/10.3.1/thumb/v7e-m+fp/hard/crti.o
 .data          0x0000000000000000        0x0 a:/stm32/stm32/stm32cubeide_1.11.2/stm32cubeide/plugins/com.st.stm32cube.ide.mcu.externaltools.gnu-tools-for-stm32.10.3-2021.10.win32_1.0.100.202210260954/tools/bin/../lib/gcc/arm-none-eabi/10.3.1/thumb/v7e-m+fp/hard/crti.o
 .bss           0x0000000000000000        0x0 a:/stm32/stm32/stm32cubeide_1.11.2/stm32cubeide/plugins/com.st.stm32cube.ide.mcu.externaltools.gnu-tools-for-stm32.10.3-2021.10.win32_1.0.100.202210260954/tools/bin/../lib/gcc/arm-none-eabi/10.3.1/thumb/v7e-m+fp/hard/crti.o
[...]
Memory Configuration

Name             Origin             Length             Attributes
CCMRAM           0x0000000010000000 0x0000000000010000 xrw
RAM              0x0000000020000000 0x0000000000020000 xrw
FLASH            0x0000000008000000 0x0000000000100000 xr
*default*        0x0000000000000000 0xffffffffffffffff

Linker script and memory map

LOAD a:/stm32/stm32/stm32cubeide_1.11.2/stm32cubeide/plugins/com.st.stm32cube.ide.mcu.externaltools.gnu-tools-for-stm32.10.3-2021.10.win32_1.0.100.202210260954/tools/bin/../lib/gcc/arm-none-eabi/10.3.1/thumb/v7e-m+fp/hard/crti.o
LOAD a:/stm32/stm32/stm32cubeide_1.11.2/stm32cubeide/plugins/com.st.stm32cube.ide.mcu.externaltools.gnu-tools-for-stm32.10.3-2021.10.win32_1.0.100.202210260954/tools/bin/../lib/gcc/arm-none-eabi/10.3.1/thumb/v7e-m+fp/hard/crtbegin.o
LOAD a:/stm32/stm32/stm32cubeide_1.11.2/stm32cubeide/plugins/com.st.stm32cube.ide.mcu.externaltools.gnu-tools-for-stm32.10.3-2021.10.win32_1.0.100.202210260954/tools/bin/../lib/gcc/arm-none-eabi/10.3.1/../../../../arm-none-eabi/lib/thumb/v7e-m+fp/hard/crt0.o
LOAD ./Core/Src/global.o
LOAD ./Core/Src/main.o
LOAD ./Core/Src/stm32f4xx_hal_msp.o
LOAD ./Core/Src/stm32f4xx_it.o
LOAD ./Core/Src/syscalls.o
LOAD ./Core/Src/sysmem.o
LOAD ./Core/Src/system_stm32f4xx.o
LOAD ./Core/Src/timer.o
LOAD ./Core/Startup/startup_stm32f405rgtx.o
LOAD ./Drivers/STM32F4xx_HAL_Driver/Src/stm32f4xx_hal.o
LOAD ./Drivers/STM32F4xx_HAL_Driver/Src/stm32f4xx_hal_adc.o
LOAD ./Drivers/STM32F4xx_HAL_Driver/Src/stm32f4xx_hal_adc_ex.o
LOAD ./Drivers/STM32F4xx_HAL_Driver/Src/stm32f4xx_hal_can.o
LOAD ./Drivers/STM32F4xx_HAL_Driver/Src/stm32f4xx_hal_cortex.o
LOAD ./Drivers/STM32F4xx_HAL_Driver/Src/stm32f4xx_hal_dma.o
LOAD ./Drivers/STM32F4xx_HAL_Driver/Src/stm32f4xx_hal_dma_ex.o
LOAD ./Drivers/STM32F4xx_HAL_Driver/Src/stm32f4xx_hal_exti.o
LOAD ./Drivers/STM32F4xx_HAL_Driver/Src/stm32f4xx_hal_flash.o
LOAD ./Drivers/STM32F4xx_HAL_Driver/Src/stm32f4xx_hal_flash_ex.o
LOAD ./Drivers/STM32F4xx_HAL_Driver/Src/stm32f4xx_hal_flash_ramfunc.o
LOAD ./Drivers/STM32F4xx_HAL_Driver/Src/stm32f4xx_hal_gpio.o
LOAD ./Drivers/STM32F4xx_HAL_Driver/Src/stm32f4xx_hal_pwr.o
LOAD ./Drivers/STM32F4xx_HAL_Driver/Src/stm32f4xx_hal_pwr_ex.o
LOAD ./Drivers/STM32F4xx_HAL_Driver/Src/stm32f4xx_hal_rcc.o
LOAD ./Drivers/STM32F4xx_HAL_Driver/Src/stm32f4xx_hal_rcc_ex.o
LOAD ./Drivers/STM32F4xx_HAL_Driver/Src/stm32f4xx_hal_tim.o
LOAD ./Drivers/STM32F4xx_HAL_Driver/Src/stm32f4xx_hal_tim_ex.o
LOAD ./Drivers/STM32F4xx_HAL_Driver/Src/stm32f4xx_hal_uart.o
LOAD ./Drivers/STM32F4xx_HAL_Driver/Src/stm32f4xx_ll_adc.o
START GROUP
LOAD a:/stm32/stm32/stm32cubeide_1.11.2/stm32cubeide/plugins/com.st.stm32cube.ide.mcu.externaltools.gnu-tools-for-stm32.10.3-2021.10.win32_1.0.100.202210260954/tools/bin/../lib/gcc/arm-none-eabi/10.3.1/../../../../arm-none-eabi/lib/thumb/v7e-m+fp/hard\libc_nano.a
LOAD a:/stm32/stm32/stm32cubeide_1.11.2/stm32cubeide/plugins/com.st.stm32cube.ide.mcu.externaltools.gnu-tools-for-stm32.10.3-2021.10.win32_1.0.100.202210260954/tools/bin/../lib/gcc/arm-none-eabi/10.3.1/../../../../arm-none-eabi/lib/thumb/v7e-m+fp/hard\libm.a
END GROUP
START GROUP
LOAD a:/stm32/stm32/stm32cubeide_1.11.2/stm32cubeide/plugins/com.st.stm32cube.ide.mcu.externaltools.gnu-tools-for-stm32.10.3-2021.10.win32_1.0.100.202210260954/tools/bin/../lib/gcc/arm-none-eabi/10.3.1/thumb/v7e-m+fp/hard\libgcc.a
LOAD a:/stm32/stm32/stm32cubeide_1.11.2/stm32cubeide/plugins/com.st.stm32cube.ide.mcu.externaltools.gnu-tools-for-stm32.10.3-2021.10.win32_1.0.100.202210260954/tools/bin/../lib/gcc/arm-none-eabi/10.3.1/../../../../arm-none-eabi/lib/thumb/v7e-m+fp/hard\libc_nano.a
END GROUP
START GROUP
LOAD a:/stm32/stm32/stm32cubeide_1.11.2/stm32cubeide/plugins/com.st.stm32cube.ide.mcu.externaltools.gnu-tools-for-stm32.10.3-2021.10.win32_1.0.100.202210260954/tools/bin/../lib/gcc/arm-none-eabi/10.3.1/thumb/v7e-m+fp/hard\libgcc.a
LOAD a:/stm32/stm32/stm32cubeide_1.11.2/stm32cubeide/plugins/com.st.stm32cube.ide.mcu.externaltools.gnu-tools-for-stm32.10.3-2021.10.win32_1.0.100.202210260954/tools/bin/../lib/gcc/arm-none-eabi/10.3.1/../../../../arm-none-eabi/lib/thumb/v7e-m+fp/hard\libc_nano.a
LOAD a:/stm32/stm32/stm32cubeide_1.11.2/stm32cubeide/plugins/com.st.stm32cube.ide.mcu.externaltools.gnu-tools-for-stm32.10.3-2021.10.win32_1.0.100.202210260954/tools/bin/../lib/gcc/arm-none-eabi/10.3.1/../../../../arm-none-eabi/lib/thumb/v7e-m+fp/hard\libnosys.a
END GROUP
START GROUP
LOAD a:/stm32/stm32/stm32cubeide_1.11.2/stm32cubeide/plugins/com.st.stm32cube.ide.mcu.externaltools.gnu-tools-for-stm32.10.3-2021.10.win32_1.0.100.202210260954/tools/bin/../lib/gcc/arm-none-eabi/10.3.1/thumb/v7e-m+fp/hard\libgcc.a
LOAD a:/stm32/stm32/stm32cubeide_1.11.2/stm32cubeide/plugins/com.st.stm32cube.ide.mcu.externaltools.gnu-tools-for-stm32.10.3-2021.10.win32_1.0.100.202210260954/tools/bin/../lib/gcc/arm-none-eabi/10.3.1/../../../../arm-none-eabi/lib/thumb/v7e-m+fp/hard\libc_nano.a
LOAD a:/stm32/stm32/stm32cubeide_1.11.2/stm32cubeide/plugins/com.st.stm32cube.ide.mcu.externaltools.gnu-tools-for-stm32.10.3-2021.10.win32_1.0.100.202210260954/tools/bin/../lib/gcc/arm-none-eabi/10.3.1/../../../../arm-none-eabi/lib/thumb/v7e-m+fp/hard\libnosys.a
END GROUP
LOAD a:/stm32/stm32/stm32cubeide_1.11.2/stm32cubeide/plugins/com.st.stm32cube.ide.mcu.externaltools.gnu-tools-for-stm32.10.3-2021.10.win32_1.0.100.202210260954/tools/bin/../lib/gcc/arm-none-eabi/10.3.1/thumb/v7e-m+fp/hard/crtend.o
LOAD a:/stm32/stm32/stm32cubeide_1.11.2/stm32cubeide/plugins/com.st.stm32cube.ide.mcu.externaltools.gnu-tools-for-stm32.10.3-2021.10.win32_1.0.100.202210260954/tools/bin/../lib/gcc/arm-none-eabi/10.3.1/thumb/v7e-m+fp/hard/crtn.o
                0x0000000020020000                _estack = (ORIGIN (RAM) + LENGTH (RAM))
                0x0000000000000200                _Min_Heap_Size = 0x200
                0x0000000000000400                _Min_Stack_Size = 0x400

.isr_vector     0x0000000008000000      0x188
                0x0000000008000000                . = ALIGN (0x4)
 *(.isr_vector)
 .isr_vector    0x0000000008000000      0x188 ./Core/Startup/startup_stm32f405rgtx.o
                0x0000000008000000                g_pfnVectors
                0x0000000008000188                . = ALIGN (0x4)

.text           0x0000000008000188     0x4e5c
                0x0000000008000188                . = ALIGN (0x4)
 *(.text)
 .text          0x0000000008000188       0x40 a:/stm32/stm32/stm32cubeide_1.11.2/stm32cubeide/plugins/com.st.stm32cube.ide.mcu.externaltools.gnu-tools-for-stm32.10.3-2021.10.win32_1.0.100.202210260954/tools/bin/../lib/gcc/arm-none-eabi/10.3.1/thumb/v7e-m+fp/hard/crtbegin.o
 .text          0x00000000080001c8       0x30 a:/stm32/stm32/stm32cubeide_1.11.2/stm32cubeide/plugins/com.st.stm32cube.ide.mcu.externaltools.gnu-tools-for-stm32.10.3-2021.10.win32_1.0.100.202210260954/tools/bin/../lib/gcc/arm-none-eabi/10.3.1/thumb/v7e-m+fp/hard\libgcc.a(_aeabi_uldivmod.o)
                0x00000000080001c8                __aeabi_uldivmod
 .text          0x00000000080001f8      0x2d0 a:/stm32/stm32/stm32cubeide_1.11.2/stm32cubeide/plugins/com.st.stm32cube.ide.mcu.externaltools.gnu-tools-for-stm32.10.3-2021.10.win32_1.0.100.202210260954/tools/bin/../lib/gcc/arm-none-eabi/10.3.1/thumb/v7e-m+fp/hard\libgcc.a(_udivmoddi4.o)
                0x00000000080001f8                __udivmoddi4
 .text          0x00000000080004c8        0x4 a:/stm32/stm32/stm32cubeide_1.11.2/stm32cubeide/plugins/com.st.stm32cube.ide.mcu.externaltools.gnu-tools-for-stm32.10.3-2021.10.win32_1.0.100.202210260954/tools/bin/../lib/gcc/arm-none-eabi/10.3.1/thumb/v7e-m+fp/hard\libgcc.a(_dvmd_tls.o)
                0x00000000080004c8                __aeabi_idiv0
                0x00000000080004c8                __aeabi_ldiv0
 *(.text*)
 .text.HAL_GPIO_EXTI_Callback
                0x00000000080004cc       0x16 ./Core/Src/main.o
                0x00000000080004cc                HAL_GPIO_EXTI_Callback
 *fill*         0x00000000080004e2        0x2 
 .text.HAL_CAN_RxFifo0MsgPendingCallback
                0x00000000080004e4       0x38 ./Core/Src/main.o
                0x00000000080004e4                HAL_CAN_RxFifo0MsgPendingCallback
 .text.HAL_CAN_RxFifo1MsgPendingCallback
                0x000000000800051c       0x38 ./Core/Src/main.o
                0x000000000800051c                HAL_CAN_RxFifo1MsgPendingCallback
 .text.HAL_UART_RxCpltCallback
                0x0000000008000554       0x74 ./Core/Src/main.o
                0x0000000008000554                HAL_UART_RxCpltCallback
 .text.main     0x00000000080005c8      0x27c ./Core/Src/main.o
                0x00000000080005c8                main
 .text.SystemClock_Config
                0x0000000008000844       0xbc ./Core/Src/main.o
                0x0000000008000844                SystemClock_Config
 .text.MX_ADC1_Init
                0x0000000008000900       0xa4 ./Core/Src/main.o
 .text.MX_CAN1_Init
                0x00000000080009a4       0xa8 ./Core/Src/main.o
 .text.MX_CAN2_Init
                0x0000000008000a4c       0xa8 ./Core/Src/main.o
 .text.MX_TIM2_Init
                0x0000000008000af4       0x98 ./Core/Src/main.o
 .text.MX_USART2_UART_Init
                0x0000000008000b8c       0x54 ./Core/Src/main.o
 .text.MX_GPIO_Init
                0x0000000008000be0       0xec ./Core/Src/main.o
 .text.calculate_crc_sae_j1850
                0x0000000008000ccc       0x78 ./Core/Src/main.o
                0x0000000008000ccc                calculate_crc_sae_j1850
 .text.HAL_TIM_PeriodElapsedCallback
                0x0000000008000d44       0x14 ./Core/Src/main.o
                0x0000000008000d44                HAL_TIM_PeriodElapsedCallback
 .text.Error_Handler
                0x0000000008000d58        0xa ./Core/Src/main.o
                0x0000000008000d58                Error_Handler
 *fill*         0x0000000008000d62        0x2 
 .text.HAL_MspInit
                0x0000000008000d64       0x50 ./Core/Src/stm32f4xx_hal_msp.o
                0x0000000008000d64                HAL_MspInit
 .text.HAL_ADC_MspInit
                0x0000000008000db4       0x88 ./Core/Src/stm32f4xx_hal_msp.o
                0x0000000008000db4                HAL_ADC_MspInit
 .text.HAL_CAN_MspInit
                0x0000000008000e3c      0x160 ./Core/Src/stm32f4xx_hal_msp.o
                0x0000000008000e3c                HAL_CAN_MspInit
 .text.HAL_TIM_Base_MspInit
                0x0000000008000f9c       0x4c ./Core/Src/stm32f4xx_hal_msp.o
                0x0000000008000f9c                HAL_TIM_Base_MspInit
 .text.HAL_UART_MspInit
                0x0000000008000fe8       0xa0 ./Core/Src/stm32f4xx_hal_msp.o
                0x0000000008000fe8                HAL_UART_MspInit
 .text.NMI_Handler
                0x0000000008001088        0x6 ./Core/Src/stm32f4xx_it.o
                0x0000000008001088                NMI_Handler
 .text.HardFault_Handler
                0x000000000800108e        0x6 ./Core/Src/stm32f4xx_it.o
                0x000000000800108e                HardFault_Handler
 .text.MemManage_Handler
                0x0000000008001094        0x6 ./Core/Src/stm32f4xx_it.o
                0x0000000008001094                MemManage_Handler
 .text.BusFault_Handler
                0x000000000800109a        0x6 ./Core/Src/stm32f4xx_it.o
                0x000000000800109a                BusFault_Handler
 .text.UsageFault_Handler
                0x00000000080010a0        0x6 ./Core/Src/stm32f4xx_it.o
                0x00000000080010a0                UsageFault_Handler
 .text.SVC_Handler
                0x00000000080010a6        0xe ./Core/Src/stm32f4xx_it.o
                0x00000000080010a6                SVC_Handler
 .text.DebugMon_Handler
                0x00000000080010b4        0xe ./Core/Src/stm32f4xx_it.o
                0x00000000080010b4                DebugMon_Handler
 .text.PendSV_Handler
                0x00000000080010c2        0xe ./Core/Src/stm32f4xx_it.o
                0x00000000080010c2                PendSV_Handler
 .text.SysTick_Handler
                0x00000000080010d0        0xc ./Core/Src/stm32f4xx_it.o
                0x00000000080010d0                SysTick_Handler
 .text.CAN1_RX0_IRQHandler
                0x00000000080010dc       0x14 ./Core/Src/stm32f4xx_it.o
                0x00000000080010dc                CAN1_RX0_IRQHandler
 .text.TIM2_IRQHandler
                0x00000000080010f0       0x14 ./Core/Src/stm32f4xx_it.o
                0x00000000080010f0                TIM2_IRQHandler
 .text.USART2_IRQHandler
                0x0000000008001104       0x14 ./Core/Src/stm32f4xx_it.o
                0x0000000008001104                USART2_IRQHandler
 .text.EXTI15_10_IRQHandler
                0x0000000008001118       0x10 ./Core/Src/stm32f4xx_it.o
                0x0000000008001118                EXTI15_10_IRQHandler
 .text.CAN2_RX1_IRQHandler
                0x0000000008001128       0x14 ./Core/Src/stm32f4xx_it.o
                0x0000000008001128                CAN2_RX1_IRQHandler
 .text.SystemInit
                0x000000000800113c       0x24 ./Core/Src/system_stm32f4xx.o
                0x000000000800113c                SystemInit
 .text.setTimer1
                0x0000000008001160       0x38 ./Core/Src/timer.o
                0x0000000008001160                setTimer1
 .text.setTimer2
                0x0000000008001198       0x38 ./Core/Src/timer.o
                0x0000000008001198                setTimer2
 .text.timerRun
                0x00000000080011d0       0x88 ./Core/Src/timer.o
                0x00000000080011d0                timerRun
 .text.Reset_Handler
                0x0000000008001258       0x50 ./Core/Startup/startup_stm32f405rgtx.o
                0x0000000008001258                Reset_Handler
 .text.Default_Handler
                0x00000000080012a8        0x2 ./Core/Startup/startup_stm32f405rgtx.o
                0x00000000080012a8                RTC_Alarm_IRQHandler
                0x00000000080012a8                HASH_RNG_IRQHandler
                0x00000000080012a8                EXTI2_IRQHandler
                0x00000000080012a8                TIM8_CC_IRQHandler
                0x00000000080012a8                TIM1_CC_IRQHandler
                0x00000000080012a8                DMA2_Stream5_IRQHandler
                0x00000000080012a8                DMA1_Stream5_IRQHandler
                0x00000000080012a8                PVD_IRQHandler
                0x00000000080012a8                SDIO_IRQHandler
                0x00000000080012a8                TAMP_STAMP_IRQHandler
                0x00000000080012a8                EXTI3_IRQHandler
                0x00000000080012a8                TIM8_TRG_COM_TIM14_IRQHandler
                0x00000000080012a8                TIM1_UP_TIM10_IRQHandler
                0x00000000080012a8                TIM8_UP_TIM13_IRQHandler
                0x00000000080012a8                I2C3_ER_IRQHandler
                0x00000000080012a8                EXTI0_IRQHandler
                0x00000000080012a8                I2C2_EV_IRQHandler
                0x00000000080012a8                DMA1_Stream2_IRQHandler
                0x00000000080012a8                FPU_IRQHandler
                0x00000000080012a8                OTG_HS_WKUP_IRQHandler
                0x00000000080012a8                CAN2_SCE_IRQHandler
                0x00000000080012a8                DMA2_Stream2_IRQHandler
                0x00000000080012a8                SPI1_IRQHandler
                0x00000000080012a8                TIM6_DAC_IRQHandler
                0x00000000080012a8                TIM1_BRK_TIM9_IRQHandler
                0x00000000080012a8                CAN2_RX0_IRQHandler
                0x00000000080012a8                DMA2_Stream3_IRQHandler
                0x00000000080012a8                USART6_IRQHandler
                0x00000000080012a8                USART3_IRQHandler
                0x00000000080012a8                CAN1_RX1_IRQHandler
                0x00000000080012a8                UART5_IRQHandler
                0x00000000080012a8                DMA2_Stream0_IRQHandler
                0x00000000080012a8                TIM4_IRQHandler
                0x00000000080012a8                I2C1_EV_IRQHandler
                0x00000000080012a8                DMA1_Stream6_IRQHandler
                0x00000000080012a8                DMA1_Stream1_IRQHandler
                0x00000000080012a8                UART4_IRQHandler
                0x00000000080012a8                TIM3_IRQHandler
                0x00000000080012a8                RCC_IRQHandler
                0x00000000080012a8                TIM8_BRK_TIM12_IRQHandler
                0x00000000080012a8                Default_Handler
                0x00000000080012a8                ADC_IRQHandler
                0x00000000080012a8                DMA1_Stream7_IRQHandler
                0x00000000080012a8                TIM7_IRQHandler
                0x00000000080012a8                CAN2_TX_IRQHandler
                0x00000000080012a8                TIM5_IRQHandler
                0x00000000080012a8                DMA2_Stream7_IRQHandler
                0x00000000080012a8                I2C3_EV_IRQHandler
                0x00000000080012a8                EXTI9_5_IRQHandler
                0x00000000080012a8                RTC_WKUP_IRQHandler
                0x00000000080012a8                SPI2_IRQHandler
                0x00000000080012a8                OTG_HS_EP1_IN_IRQHandler
                0x00000000080012a8                DMA1_Stream0_IRQHandler
                0x00000000080012a8                CAN1_TX_IRQHandler
                0x00000000080012a8                EXTI4_IRQHandler
                0x00000000080012a8                FSMC_IRQHandler
                0x00000000080012a8                OTG_HS_EP1_OUT_IRQHandler
                0x00000000080012a8                WWDG_IRQHandler
                0x00000000080012a8                OTG_FS_WKUP_IRQHandler
                0x00000000080012a8                TIM1_TRG_COM_TIM11_IRQHandler
                0x00000000080012a8                OTG_HS_IRQHandler
                0x00000000080012a8                EXTI1_IRQHandler
                0x00000000080012a8                I2C2_ER_IRQHandler
                0x00000000080012a8                DMA2_Stream1_IRQHandler
                0x00000000080012a8                CAN1_SCE_IRQHandler
                0x00000000080012a8                FLASH_IRQHandler
                0x00000000080012a8                DMA2_Stream4_IRQHandler
                0x00000000080012a8                USART1_IRQHandler
                0x00000000080012a8                OTG_FS_IRQHandler
                0x00000000080012a8                SPI3_IRQHandler
                0x00000000080012a8                DMA1_Stream4_IRQHandler
                0x00000000080012a8                I2C1_ER_IRQHandler
                0x00000000080012a8                DMA2_Stream6_IRQHandler
                0x00000000080012a8                DMA1_Stream3_IRQHandler
 *fill*         0x00000000080012aa        0x2 
 .text.HAL_Init
                0x00000000080012ac       0x44 ./Drivers/STM32F4xx_HAL_Driver/Src/stm32f4xx_hal.o
                0x00000000080012ac                HAL_Init
 .text.HAL_InitTick
                0x00000000080012f0       0x60 ./Drivers/STM32F4xx_HAL_Driver/Src/stm32f4xx_hal.o
                0x00000000080012f0                HAL_InitTick
 .text.HAL_IncTick
                0x0000000008001350       0x28 ./Drivers/STM32F4xx_HAL_Driver/Src/stm32f4xx_hal.o
                0x0000000008001350                HAL_IncTick
 .text.HAL_GetTick
                0x0000000008001378       0x18 ./Drivers/STM32F4xx_HAL_Driver/Src/stm32f4xx_hal.o
                0x0000000008001378                HAL_GetTick
 .text.HAL_Delay
                0x0000000008001390       0x48 ./Drivers/STM32F4xx_HAL_Driver/Src/stm32f4xx_hal.o
                0x0000000008001390                HAL_Delay
 .text.HAL_ADC_Init
                0x00000000080013d8       0x86 ./Drivers/STM32F4xx_HAL_Driver/Src/stm32f4xx_hal_adc.o
                0x00000000080013d8                HAL_ADC_Init
 *fill*         0x000000000800145e        0x2 
 .text.HAL_ADC_ConfigChannel
                0x0000000008001460      0x244 ./Drivers/STM32F4xx_HAL_Driver/Src/stm32f4xx_hal_adc.o
                0x0000000008001460                HAL_ADC_ConfigChannel
 .text.ADC_Init
                0x00000000080016a4      0x1f8 ./Drivers/STM32F4xx_HAL_Driver/Src/stm32f4xx_hal_adc.o
 .text.HAL_CAN_Init
                0x000000000800189c      0x1f6 ./Drivers/STM32F4xx_HAL_Driver/Src/stm32f4xx_hal_can.o
                0x000000000800189c                HAL_CAN_Init
 *fill*         0x0000000008001a92        0x2 
 .text.HAL_CAN_ConfigFilter
                0x0000000008001a94      0x1c0 ./Drivers/STM32F4xx_HAL_Driver/Src/stm32f4xx_hal_can.o
                0x0000000008001a94                HAL_CAN_ConfigFilter
 .text.HAL_CAN_Start
                0x0000000008001c54       0x88 ./Drivers/STM32F4xx_HAL_Driver/Src/stm32f4xx_hal_can.o
                0x0000000008001c54                HAL_CAN_Start
 .text.HAL_CAN_AddTxMessage
                0x0000000008001cdc      0x1b6 ./Drivers/STM32F4xx_HAL_Driver/Src/stm32f4xx_hal_can.o
                0x0000000008001cdc                HAL_CAN_AddTxMessage
 .text.HAL_CAN_GetTxMailboxesFreeLevel
                0x0000000008001e92       0x6a ./Drivers/STM32F4xx_HAL_Driver/Src/stm32f4xx_hal_can.o
                0x0000000008001e92                HAL_CAN_GetTxMailboxesFreeLevel
 .text.HAL_CAN_GetRxMessage
                0x0000000008001efc      0x224 ./Drivers/STM32F4xx_HAL_Driver/Src/stm32f4xx_hal_can.o
                0x0000000008001efc                HAL_CAN_GetRxMessage
 .text.HAL_CAN_ActivateNotification
                0x0000000008002120       0x4c ./Drivers/STM32F4xx_HAL_Driver/Src/stm32f4xx_hal_can.o
                0x0000000008002120                HAL_CAN_ActivateNotification
 .text.HAL_CAN_IRQHandler
                0x000000000800216c      0x36e ./Drivers/STM32F4xx_HAL_Driver/Src/stm32f4xx_hal_can.o
                0x000000000800216c                HAL_CAN_IRQHandler
 .text.HAL_CAN_TxMailbox0CompleteCallback
                0x00000000080024da       0x14 ./Drivers/STM32F4xx_HAL_Driver/Src/stm32f4xx_hal_can.o
                0x00000000080024da                HAL_CAN_TxMailbox0CompleteCallback
 .text.HAL_CAN_TxMailbox1CompleteCallback
                0x00000000080024ee       0x14 ./Drivers/STM32F4xx_HAL_Driver/Src/stm32f4xx_hal_can.o
                0x00000000080024ee                HAL_CAN_TxMailbox1CompleteCallback
 .text.HAL_CAN_TxMailbox2CompleteCallback
                0x0000000008002502       0x14 ./Drivers/STM32F4xx_HAL_Driver/Src/stm32f4xx_hal_can.o
                0x0000000008002502                HAL_CAN_TxMailbox2CompleteCallback
 .text.HAL_CAN_TxMailbox0AbortCallback
                0x0000000008002516       0x14 ./Drivers/STM32F4xx_HAL_Driver/Src/stm32f4xx_hal_can.o
                0x0000000008002516                HAL_CAN_TxMailbox0AbortCallback
 .text.HAL_CAN_TxMailbox1AbortCallback
                0x000000000800252a       0x14 ./Drivers/STM32F4xx_HAL_Driver/Src/stm32f4xx_hal_can.o
                0x000000000800252a                HAL_CAN_TxMailbox1AbortCallback
 .text.HAL_CAN_TxMailbox2AbortCallback
                0x000000000800253e       0x14 ./Drivers/STM32F4xx_HAL_Driver/Src/stm32f4xx_hal_can.o
                0x000000000800253e                HAL_CAN_TxMailbox2AbortCallback
 .text.HAL_CAN_RxFifo0FullCallback
                0x0000000008002552       0x14 ./Drivers/STM32F4xx_HAL_Driver/Src/stm32f4xx_hal_can.o
                0x0000000008002552                HAL_CAN_RxFifo0FullCallback
 .text.HAL_CAN_RxFifo1FullCallback
                0x0000000008002566       0x14 ./Drivers/STM32F4xx_HAL_Driver/Src/stm32f4xx_hal_can.o
                0x0000000008002566                HAL_CAN_RxFifo1FullCallback
 .text.HAL_CAN_SleepCallback
                0x000000000800257a       0x14 ./Drivers/STM32F4xx_HAL_Driver/Src/stm32f4xx_hal_can.o
                0x000000000800257a                HAL_CAN_SleepCallback
 .text.HAL_CAN_WakeUpFromRxMsgCallback
                0x000000000800258e       0x14 ./Drivers/STM32F4xx_HAL_Driver/Src/stm32f4xx_hal_can.o
                0x000000000800258e                HAL_CAN_WakeUpFromRxMsgCallback
 .text.HAL_CAN_ErrorCallback
                0x00000000080025a2       0x14 ./Drivers/STM32F4xx_HAL_Driver/Src/stm32f4xx_hal_can.o
                0x00000000080025a2                HAL_CAN_ErrorCallback
 *fill*         0x00000000080025b6        0x2 
 .text.__NVIC_SetPriorityGrouping
                0x00000000080025b8       0x48 ./Drivers/STM32F4xx_HAL_Driver/Src/stm32f4xx_hal_cortex.o
 .text.__NVIC_GetPriorityGrouping
                0x0000000008002600       0x1c ./Drivers/STM32F4xx_HAL_Driver/Src/stm32f4xx_hal_cortex.o
 .text.__NVIC_EnableIRQ
                0x000000000800261c       0x3c ./Drivers/STM32F4xx_HAL_Driver/Src/stm32f4xx_hal_cortex.o
 .text.__NVIC_SetPriority
                0x0000000008002658       0x54 ./Drivers/STM32F4xx_HAL_Driver/Src/stm32f4xx_hal_cortex.o
 .text.NVIC_EncodePriority
                0x00000000080026ac       0x66 ./Drivers/STM32F4xx_HAL_Driver/Src/stm32f4xx_hal_cortex.o
 *fill*         0x0000000008002712        0x2 
 .text.SysTick_Config
                0x0000000008002714       0x44 ./Drivers/STM32F4xx_HAL_Driver/Src/stm32f4xx_hal_cortex.o
 .text.HAL_NVIC_SetPriorityGrouping
                0x0000000008002758       0x16 ./Drivers/STM32F4xx_HAL_Driver/Src/stm32f4xx_hal_cortex.o
                0x0000000008002758                HAL_NVIC_SetPriorityGrouping
 .text.HAL_NVIC_SetPriority
                0x000000000800276e       0x38 ./Drivers/STM32F4xx_HAL_Driver/Src/stm32f4xx_hal_cortex.o
                0x000000000800276e                HAL_NVIC_SetPriority
 .text.HAL_NVIC_EnableIRQ
                0x00000000080027a6       0x1c ./Drivers/STM32F4xx_HAL_Driver/Src/stm32f4xx_hal_cortex.o
                0x00000000080027a6                HAL_NVIC_EnableIRQ
 .text.HAL_SYSTICK_Config
                0x00000000080027c2       0x18 ./Drivers/STM32F4xx_HAL_Driver/Src/stm32f4xx_hal_cortex.o
                0x00000000080027c2                HAL_SYSTICK_Config
 .text.HAL_DMA_Abort
                0x00000000080027da       0xe0 ./Drivers/STM32F4xx_HAL_Driver/Src/stm32f4xx_hal_dma.o
                0x00000000080027da                HAL_DMA_Abort
 .text.HAL_DMA_Abort_IT
                0x00000000080028ba       0x44 ./Drivers/STM32F4xx_HAL_Driver/Src/stm32f4xx_hal_dma.o
                0x00000000080028ba                HAL_DMA_Abort_IT
 *fill*         0x00000000080028fe        0x2 
 .text.HAL_GPIO_Init
                0x0000000008002900      0x338 ./Drivers/STM32F4xx_HAL_Driver/Src/stm32f4xx_hal_gpio.o
                0x0000000008002900                HAL_GPIO_Init
 .text.HAL_GPIO_WritePin
                0x0000000008002c38       0x32 ./Drivers/STM32F4xx_HAL_Driver/Src/stm32f4xx_hal_gpio.o
                0x0000000008002c38                HAL_GPIO_WritePin
 .text.HAL_GPIO_TogglePin
                0x0000000008002c6a       0x34 ./Drivers/STM32F4xx_HAL_Driver/Src/stm32f4xx_hal_gpio.o
                0x0000000008002c6a                HAL_GPIO_TogglePin
 *fill*         0x0000000008002c9e        0x2 
 .text.HAL_GPIO_EXTI_IRQHandler
                0x0000000008002ca0       0x30 ./Drivers/STM32F4xx_HAL_Driver/Src/stm32f4xx_hal_gpio.o
                0x0000000008002ca0                HAL_GPIO_EXTI_IRQHandler
 .text.HAL_RCC_OscConfig
                0x0000000008002cd0      0x4f0 ./Drivers/STM32F4xx_HAL_Driver/Src/stm32f4xx_hal_rcc.o
                0x0000000008002cd0                HAL_RCC_OscConfig
 .text.HAL_RCC_ClockConfig
                0x00000000080031c0      0x1cc ./Drivers/STM32F4xx_HAL_Driver/Src/stm32f4xx_hal_rcc.o
                0x00000000080031c0                HAL_RCC_ClockConfig
 .text.HAL_RCC_GetSysClockFreq
                0x000000000800338c      0x18c ./Drivers/STM32F4xx_HAL_Driver/Src/stm32f4xx_hal_rcc.o
                0x000000000800338c                HAL_RCC_GetSysClockFreq
 .text.HAL_RCC_GetHCLKFreq
                0x0000000008003518       0x18 ./Drivers/STM32F4xx_HAL_Driver/Src/stm32f4xx_hal_rcc.o
                0x0000000008003518                HAL_RCC_GetHCLKFreq
 .text.HAL_RCC_GetPCLK1Freq
                0x0000000008003530       0x28 ./Drivers/STM32F4xx_HAL_Driver/Src/stm32f4xx_hal_rcc.o
                0x0000000008003530                HAL_RCC_GetPCLK1Freq
 .text.HAL_RCC_GetPCLK2Freq
                0x0000000008003558       0x28 ./Drivers/STM32F4xx_HAL_Driver/Src/stm32f4xx_hal_rcc.o
                0x0000000008003558                HAL_RCC_GetPCLK2Freq
 .text.HAL_TIM_Base_Init
                0x0000000008003580       0x9e ./Drivers/STM32F4xx_HAL_Driver/Src/stm32f4xx_hal_tim.o
                0x0000000008003580                HAL_TIM_Base_Init
 *fill*         0x000000000800361e        0x2 
 .text.HAL_TIM_Base_Start_IT
                0x0000000008003620       0xe0 ./Drivers/STM32F4xx_HAL_Driver/Src/stm32f4xx_hal_tim.o
                0x0000000008003620                HAL_TIM_Base_Start_IT
 .text.HAL_TIM_IRQHandler
                0x0000000008003700      0x210 ./Drivers/STM32F4xx_HAL_Driver/Src/stm32f4xx_hal_tim.o
                0x0000000008003700                HAL_TIM_IRQHandler
 .text.HAL_TIM_ConfigClockSource
                0x0000000008003910      0x18e ./Drivers/STM32F4xx_HAL_Driver/Src/stm32f4xx_hal_tim.o
                0x0000000008003910                HAL_TIM_ConfigClockSource
 .text.HAL_TIM_OC_DelayElapsedCallback
                0x0000000008003a9e       0x14 ./Drivers/STM32F4xx_HAL_Driver/Src/stm32f4xx_hal_tim.o
                0x0000000008003a9e                HAL_TIM_OC_DelayElapsedCallback
 .text.HAL_TIM_IC_CaptureCallback
                0x0000000008003ab2       0x14 ./Drivers/STM32F4xx_HAL_Driver/Src/stm32f4xx_hal_tim.o
                0x0000000008003ab2                HAL_TIM_IC_CaptureCallback
 .text.HAL_TIM_PWM_PulseFinishedCallback
                0x0000000008003ac6       0x14 ./Drivers/STM32F4xx_HAL_Driver/Src/stm32f4xx_hal_tim.o
                0x0000000008003ac6                HAL_TIM_PWM_PulseFinishedCallback
 .text.HAL_TIM_TriggerCallback
                0x0000000008003ada       0x14 ./Drivers/STM32F4xx_HAL_Driver/Src/stm32f4xx_hal_tim.o
                0x0000000008003ada                HAL_TIM_TriggerCallback
 *fill*         0x0000000008003aee        0x2 
 .text.TIM_Base_SetConfig
                0x0000000008003af0      0x140 ./Drivers/STM32F4xx_HAL_Driver/Src/stm32f4xx_hal_tim.o
                0x0000000008003af0                TIM_Base_SetConfig
 .text.TIM_TI1_ConfigInputStage
                0x0000000008003c30       0x5e ./Drivers/STM32F4xx_HAL_Driver/Src/stm32f4xx_hal_tim.o
 .text.TIM_TI2_ConfigInputStage
                0x0000000008003c8e       0x60 ./Drivers/STM32F4xx_HAL_Driver/Src/stm32f4xx_hal_tim.o
 .text.TIM_ITRx_SetConfig
                0x0000000008003cee       0x36 ./Drivers/STM32F4xx_HAL_Driver/Src/stm32f4xx_hal_tim.o
 .text.TIM_ETR_SetConfig
                0x0000000008003d24       0x40 ./Drivers/STM32F4xx_HAL_Driver/Src/stm32f4xx_hal_tim.o
                0x0000000008003d24                TIM_ETR_SetConfig
 .text.HAL_TIMEx_MasterConfigSynchronization
                0x0000000008003d64       0xf8 ./Drivers/STM32F4xx_HAL_Driver/Src/stm32f4xx_hal_tim_ex.o
                0x0000000008003d64                HAL_TIMEx_MasterConfigSynchronization
 .text.HAL_TIMEx_CommutCallback
                0x0000000008003e5c       0x14 ./Drivers/STM32F4xx_HAL_Driver/Src/stm32f4xx_hal_tim_ex.o
                0x0000000008003e5c                HAL_TIMEx_CommutCallback
 .text.HAL_TIMEx_BreakCallback
                0x0000000008003e70       0x14 ./Drivers/STM32F4xx_HAL_Driver/Src/stm32f4xx_hal_tim_ex.o
                0x0000000008003e70                HAL_TIMEx_BreakCallback
 .text.HAL_UART_Init
                0x0000000008003e84       0x9a ./Drivers/STM32F4xx_HAL_Driver/Src/stm32f4xx_hal_uart.o
                0x0000000008003e84                HAL_UART_Init
 .text.HAL_UART_Transmit
                0x0000000008003f1e      0x124 ./Drivers/STM32F4xx_HAL_Driver/Src/stm32f4xx_hal_uart.o
                0x0000000008003f1e                HAL_UART_Transmit
 .text.HAL_UART_Receive_IT
                0x0000000008004042       0x60 ./Drivers/STM32F4xx_HAL_Driver/Src/stm32f4xx_hal_uart.o
                0x0000000008004042                HAL_UART_Receive_IT
 *fill*         0x00000000080040a2        0x2 
 .text.HAL_UART_IRQHandler
                0x00000000080040a4      0x51c ./Drivers/STM32F4xx_HAL_Driver/Src/stm32f4xx_hal_uart.o
                0x00000000080040a4                HAL_UART_IRQHandler
 .text.HAL_UART_TxCpltCallback
                0x00000000080045c0       0x14 ./Drivers/STM32F4xx_HAL_Driver/Src/stm32f4xx_hal_uart.o
                0x00000000080045c0                HAL_UART_TxCpltCallback
 .text.HAL_UART_ErrorCallback
                0x00000000080045d4       0x14 ./Drivers/STM32F4xx_HAL_Driver/Src/stm32f4xx_hal_uart.o
                0x00000000080045d4                HAL_UART_ErrorCallback
 .text.HAL_UARTEx_RxEventCallback
                0x00000000080045e8       0x18 ./Drivers/STM32F4xx_HAL_Driver/Src/stm32f4xx_hal_uart.o
                0x00000000080045e8                HAL_UARTEx_RxEventCallback
 .text.UART_WaitOnFlagUntilTimeout
                0x0000000008004600       0xdc ./Drivers/STM32F4xx_HAL_Driver/Src/stm32f4xx_hal_uart.o
 .text.UART_Start_Receive_IT
                0x00000000080046dc       0x7c ./Drivers/STM32F4xx_HAL_Driver/Src/stm32f4xx_hal_uart.o
                0x00000000080046dc                UART_Start_Receive_IT
 .text.UART_EndRxTransfer
                0x0000000008004758       0xc6 ./Drivers/STM32F4xx_HAL_Driver/Src/stm32f4xx_hal_uart.o
 .text.UART_DMAAbortOnError
                0x000000000800481e       0x28 ./Drivers/STM32F4xx_HAL_Driver/Src/stm32f4xx_hal_uart.o
 .text.UART_Transmit_IT
                0x0000000008004846       0xa0 ./Drivers/STM32F4xx_HAL_Driver/Src/stm32f4xx_hal_uart.o
 .text.UART_EndTransmit_IT
                0x00000000080048e6       0x30 ./Drivers/STM32F4xx_HAL_Driver/Src/stm32f4xx_hal_uart.o
 .text.UART_Receive_IT
                0x0000000008004916      0x176 ./Drivers/STM32F4xx_HAL_Driver/Src/stm32f4xx_hal_uart.o
 .text.UART_SetConfig
                0x0000000008004a8c      0x4e8 ./Drivers/STM32F4xx_HAL_Driver/Src/stm32f4xx_hal_uart.o
 .text.__libc_init_array
                0x0000000008004f74       0x48 a:/stm32/stm32/stm32cubeide_1.11.2/stm32cubeide/plugins/com.st.stm32cube.ide.mcu.externaltools.gnu-tools-for-stm32.10.3-2021.10.win32_1.0.100.202210260954/tools/bin/../lib/gcc/arm-none-eabi/10.3.1/../../../../arm-none-eabi/lib/thumb/v7e-m+fp/hard\libc_nano.a(lib_a-init.o)
                0x0000000008004f74                __libc_init_array
 .text.memset   0x0000000008004fbc       0x10 a:/stm32/stm32/stm32cubeide_1.11.2/stm32cubeide/plugins/com.st.stm32cube.ide.mcu.externaltools.gnu-tools-for-stm32.10.3-2021.10.win32_1.0.100.202210260954/tools/bin/../lib/gcc/arm-none-eabi/10.3.1/../../../../arm-none-eabi/lib/thumb/v7e-m+fp/hard\libc_nano.a(lib_a-memset.o)
                0x0000000008004fbc                memset
 *(.glue_7)
 .glue_7        0x0000000008004fcc        0x0 linker stubs
 *(.glue_7t)
 .glue_7t       0x0000000008004fcc        0x0 linker stubs
 *(.eh_frame)
 .eh_frame      0x0000000008004fcc        0x0 a:/stm32/stm32/stm32cubeide_1.11.2/stm32cubeide/plugins/com.st.stm32cube.ide.mcu.externaltools.gnu-tools-for-stm32.10.3-2021.10.win32_1.0.100.202210260954/tools/bin/../lib/gcc/arm-none-eabi/10.3.1/thumb/v7e-m+fp/hard/crtbegin.o
 *(.init)
 .init          0x0000000008004fcc        0x4 a:/stm32/stm32/stm32cubeide_1.11.2/stm32cubeide/plugins/com.st.stm32cube.ide.mcu.externaltools.gnu-tools-for-stm32.10.3-2021.10.win32_1.0.100.202210260954/tools/bin/../lib/gcc/arm-none-eabi/10.3.1/thumb/v7e-m+fp/hard/crti.o
                0x0000000008004fcc                _init
 .init          0x0000000008004fd0        0x8 a:/stm32/stm32/stm32cubeide_1.11.2/stm32cubeide/plugins/com.st.stm32cube.ide.mcu.externaltools.gnu-tools-for-stm32.10.3-2021.10.win32_1.0.100.202210260954/tools/bin/../lib/gcc/arm-none-eabi/10.3.1/thumb/v7e-m+fp/hard/crtn.o
 *(.fini)
 .fini          0x0000000008004fd8        0x4 a:/stm32/stm32/stm32cubeide_1.11.2/stm32cubeide/plugins/com.st.stm32cube.ide.mcu.externaltools.gnu-tools-for-stm32.10.3-2021.10.win32_1.0.100.202210260954/tools/bin/../lib/gcc/arm-none-eabi/10.3.1/thumb/v7e-m+fp/hard/crti.o
                0x0000000008004fd8                _fini
 .fini          0x0000000008004fdc        0x8 a:/stm32/stm32/stm32cubeide_1.11.2/stm32cubeide/plugins/com.st.stm32cube.ide.mcu.externaltools.gnu-tools-for-stm32.10.3-2021.10.win32_1.0.100.202210260954/tools/bin/../lib/gcc/arm-none-eabi/10.3.1/thumb/v7e-m+fp/hard/crtn.o
                0x0000000008004fe4                . = ALIGN (0x4)
                0x0000000008004fe4                _etext = .

.vfp11_veneer   0x0000000008004fe4        0x0
 .vfp11_veneer  0x0000000008004fe4        0x0 linker stubs

.v4_bx          0x0000000008004fe4        0x0
 .v4_bx         0x0000000008004fe4        0x0 linker stubs

.iplt           0x0000000008004fe4        0x0
 .iplt          0x0000000008004fe4        0x0 a:/stm32/stm32/stm32cubeide_1.11.2/stm32cubeide/plugins/com.st.stm32cube.ide.mcu.externaltools.gnu-tools-for-stm32.10.3-2021.10.win32_1.0.100.202210260954/tools/bin/../lib/gcc/arm-none-eabi/10.3.1/thumb/v7e-m+fp/hard/crtbegin.o

.rodata         0x0000000008004fe4       0x18
                0x0000000008004fe4                . = ALIGN (0x4)
 *(.rodata)
 *(.rodata*)
 .rodata.AHBPrescTable
                0x0000000008004fe4       0x10 ./Core/Src/system_stm32f4xx.o
                0x0000000008004fe4                AHBPrescTable
 .rodata.APBPrescTable
                0x0000000008004ff4        0x8 ./Core/Src/system_stm32f4xx.o
                0x0000000008004ff4                APBPrescTable
                0x0000000008004ffc                . = ALIGN (0x4)

.ARM.extab      0x0000000008004ffc        0x0
                0x0000000008004ffc                . = ALIGN (0x4)
 *(.ARM.extab* .gnu.linkonce.armextab.*)
                0x0000000008004ffc                . = ALIGN (0x4)

.ARM            0x0000000008004ffc        0x8
                0x0000000008004ffc                . = ALIGN (0x4)
                0x0000000008004ffc                __exidx_start = .
 *(.ARM.exidx*)
 .ARM.exidx     0x0000000008004ffc        0x8 a:/stm32/stm32/stm32cubeide_1.11.2/stm32cubeide/plugins/com.st.stm32cube.ide.mcu.externaltools.gnu-tools-for-stm32.10.3-2021.10.win32_1.0.100.202210260954/tools/bin/../lib/gcc/arm-none-eabi/10.3.1/thumb/v7e-m+fp/hard\libgcc.a(_udivmoddi4.o)
                0x0000000008005004                __exidx_end = .
                0x0000000008005004                . = ALIGN (0x4)

.rel.dyn        0x0000000008005004        0x0
 .rel.iplt      0x0000000008005004        0x0 a:/stm32/stm32/stm32cubeide_1.11.2/stm32cubeide/plugins/com.st.stm32cube.ide.mcu.externaltools.gnu-tools-for-stm32.10.3-2021.10.win32_1.0.100.202210260954/tools/bin/../lib/gcc/arm-none-eabi/10.3.1/thumb/v7e-m+fp/hard/crtbegin.o

.preinit_array  0x0000000008005004        0x0
                0x0000000008005004                . = ALIGN (0x4)
                0x0000000008005004                PROVIDE (__preinit_array_start = .)
 *(.preinit_array*)
                0x0000000008005004                PROVIDE (__preinit_array_end = .)
                0x0000000008005004                . = ALIGN (0x4)

.init_array     0x0000000008005004        0x4
                0x0000000008005004                . = ALIGN (0x4)
                0x0000000008005004                PROVIDE (__init_array_start = .)
 *(SORT_BY_NAME(.init_array.*))
 *(.init_array*)
 .init_array    0x0000000008005004        0x4 a:/stm32/stm32/stm32cubeide_1.11.2/stm32cubeide/plugins/com.st.stm32cube.ide.mcu.externaltools.gnu-tools-for-stm32.10.3-2021.10.win32_1.0.100.202210260954/tools/bin/../lib/gcc/arm-none-eabi/10.3.1/thumb/v7e-m+fp/hard/crtbegin.o
                0x0000000008005008                PROVIDE (__init_array_end = .)
                0x0000000008005008                . = ALIGN (0x4)

.fini_array     0x0000000008005008        0x4
                0x0000000008005008                . = ALIGN (0x4)
                [!provide]                        PROVIDE (__fini_array_start = .)
 *(SORT_BY_NAME(.fini_array.*))
 *(.fini_array*)
 .fini_array    0x0000000008005008        0x4 a:/stm32/stm32/stm32cubeide_1.11.2/stm32cubeide/plugins/com.st.stm32cube.ide.mcu.externaltools.gnu-tools-for-stm32.10.3-2021.10.win32_1.0.100.202210260954/tools/bin/../lib/gcc/arm-none-eabi/10.3.1/thumb/v7e-m+fp/hard/crtbegin.o
                [!provide]                        PROVIDE (__fini_array_end = .)
                0x000000000800500c                . = ALIGN (0x4)
                0x000000000800500c                _sidata = LOADADDR (.data)

.data           0x0000000020000000        0xc load address 0x000000000800500c
                0x0000000020000000                . = ALIGN (0x4)
                0x0000000020000000                _sdata = .
 *(.data)
 *(.data*)
 .data.SystemCoreClock
                0x0000000020000000        0x4 ./Core/Src/system_stm32f4xx.o
                0x0000000020000000                SystemCoreClock
 .data.uwTickPrio
                0x0000000020000004        0x4 ./Drivers/STM32F4xx_HAL_Driver/Src/stm32f4xx_hal.o
                0x0000000020000004                uwTickPrio
 .data.uwTickFreq
                0x0000000020000008        0x1 ./Drivers/STM32F4xx_HAL_Driver/Src/stm32f4xx_hal.o
                0x0000000020000008                uwTickFreq
 *(.RamFunc)
 *(.RamFunc*)
                0x000000002000000c                . = ALIGN (0x4)
 *fill*         0x0000000020000009        0x3 
                0x000000002000000c                _edata = .
                0x0000000008005018                _siccmram = LOADADDR (.ccmram)

.igot.plt       0x000000002000000c        0x0 load address 0x0000000008005018
 .igot.plt      0x000000002000000c        0x0 a:/stm32/stm32/stm32cubeide_1.11.2/stm32cubeide/plugins/com.st.stm32cube.ide.mcu.externaltools.gnu-tools-for-stm32.10.3-2021.10.win32_1.0.100.202210260954/tools/bin/../lib/gcc/arm-none-eabi/10.3.1/thumb/v7e-m+fp/hard/crtbegin.o

.ccmram         0x0000000010000000        0x0 load address 0x0000000008005018
                0x0000000010000000                . = ALIGN (0x4)
                0x0000000010000000                _sccmram = .
 *(.ccmram)
 *(.ccmram*)
                0x0000000010000000                . = ALIGN (0x4)
                0x0000000010000000                _eccmram = .
                0x0000000010000000                . = ALIGN (0x4)

.bss            0x000000002000000c      0x21c
                0x000000002000000c                _sbss = .
                0x000000002000000c                __bss_start__ = _sbss
 *(.bss)
 .bss           0x000000002000000c       0x1c a:/stm32/stm32/stm32cubeide_1.11.2/stm32cubeide/plugins/com.st.stm32cube.ide.mcu.externaltools.gnu-tools-for-stm32.10.3-2021.10.win32_1.0.100.202210260954/tools/bin/../lib/gcc/arm-none-eabi/10.3.1/thumb/v7e-m+fp/hard/crtbegin.o
 *(.bss*)
 .bss.temp      0x0000000020000028        0x1 ./Core/Src/global.o
                0x0000000020000028                temp
 .bss.index_buffer
                0x0000000020000029        0x1 ./Core/Src/global.o
                0x0000000020000029                index_buffer
 .bss.buffer_flag
                0x000000002000002a        0x1 ./Core/Src/global.o
                0x000000002000002a                buffer_flag
 .bss.data_flag1
                0x000000002000002b        0x1 ./Core/Src/global.o
                0x000000002000002b                data_flag1
 .bss.data_flag2
                0x000000002000002c        0x1 ./Core/Src/global.o
                0x000000002000002c                data_flag2
 .bss.dataCounter
                0x000000002000002d        0x1 ./Core/Src/global.o
                0x000000002000002d                dataCounter
 *fill*         0x000000002000002e        0x2 
 .bss.hadc1     0x0000000020000030       0x48 ./Core/Src/main.o
                0x0000000020000030                hadc1
 .bss.hcan1     0x0000000020000078       0x28 ./Core/Src/main.o
                0x0000000020000078                hcan1
 .bss.hcan2     0x00000000200000a0       0x28 ./Core/Src/main.o
                0x00000000200000a0                hcan2
 .bss.htim2     0x00000000200000c8       0x48 ./Core/Src/main.o
                0x00000000200000c8                htim2
 .bss.huart2    0x0000000020000110       0x44 ./Core/Src/main.o
                0x0000000020000110                huart2
 .bss.TxHeader1
                0x0000000020000154       0x18 ./Core/Src/main.o
                0x0000000020000154                TxHeader1
 .bss.RxHeader1
                0x000000002000016c       0x1c ./Core/Src/main.o
                0x000000002000016c                RxHeader1
 .bss.TxData1   0x0000000020000188        0x8 ./Core/Src/main.o
                0x0000000020000188                TxData1
 .bss.RxData1   0x0000000020000190        0x8 ./Core/Src/main.o
                0x0000000020000190                RxData1
 .bss.TxHeader2
                0x0000000020000198       0x18 ./Core/Src/main.o
                0x0000000020000198                TxHeader2
 .bss.RxHeader2
                0x00000000200001b0       0x1c ./Core/Src/main.o
                0x00000000200001b0                RxHeader2
 .bss.TxData2   0x00000000200001cc        0x8 ./Core/Src/main.o
                0x00000000200001cc                TxData2
 .bss.RxData2   0x00000000200001d4        0x8 ./Core/Src/main.o
                0x00000000200001d4                RxData2
 .bss.TxMailbox
                0x00000000200001dc        0x4 ./Core/Src/main.o
                0x00000000200001dc                TxMailbox
 .bss.datacheck1
                0x00000000200001e0        0x4 ./Core/Src/main.o
                0x00000000200001e0                datacheck1
 .bss.datacheck2
                0x00000000200001e4        0x4 ./Core/Src/main.o
                0x00000000200001e4                datacheck2
 .bss.buffer    0x00000000200001e8       0x1e ./Core/Src/main.o
                0x00000000200001e8                buffer
 *fill*         0x0000000020000206        0x2 
 .bss.HAL_RCC_CAN1_CLK_ENABLED
                0x0000000020000208        0x4 ./Core/Src/stm32f4xx_hal_msp.o
 .bss.timer1_counter
                0x000000002000020c        0x4 ./Core/Src/timer.o
                0x000000002000020c                timer1_counter
 .bss.timer2_counter
                0x0000000020000210        0x4 ./Core/Src/timer.o
                0x0000000020000210                timer2_counter
 .bss.timer3_counter
                0x0000000020000214        0x4 ./Core/Src/timer.o
                0x0000000020000214                timer3_counter
 .bss.timer1_flag
                0x0000000020000218        0x4 ./Core/Src/timer.o
                0x0000000020000218                timer1_flag
 .bss.timer2_flag
                0x000000002000021c        0x4 ./Core/Src/timer.o
                0x000000002000021c                timer2_flag
 .bss.timer3_flag
                0x0000000020000220        0x4 ./Core/Src/timer.o
                0x0000000020000220                timer3_flag
 .bss.uwTick    0x0000000020000224        0x4 ./Drivers/STM32F4xx_HAL_Driver/Src/stm32f4xx_hal.o
                0x0000000020000224                uwTick
 *(COMMON)
                0x0000000020000228                . = ALIGN (0x4)
                0x0000000020000228                _ebss = .
                0x0000000020000228                __bss_end__ = _ebss

._user_heap_stack
                0x0000000020000228      0x600
                0x0000000020000228                . = ALIGN (0x8)
                [!provide]                        PROVIDE (end = .)
                0x0000000020000228                PROVIDE (_end = .)
                0x0000000020000428                . = (. + _Min_Heap_Size)
 *fill*         0x0000000020000228      0x200 
                0x0000000020000828                . = (. + _Min_Stack_Size)
 *fill*         0x0000000020000428      0x400 
                0x0000000020000828                . = ALIGN (0x8)

/DISCARD/
 libc.a(*)
 libm.a(*)
 libgcc.a(*)

.ARM.attributes
                0x0000000000000000       0x30
 *(.ARM.attributes)
 .ARM.attributes
                0x0000000000000000       0x1e a:/stm32/stm32/stm32cubeide_1.11.2/stm32cubeide/plugins/com.st.stm32cube.ide.mcu.externaltools.gnu-tools-for-stm32.10.3-2021.10.win32_1.0.100.202210260954/tools/bin/../lib/gcc/arm-none-eabi/10.3.1/thumb/v7e-m+fp/hard/crti.o
 .ARM.attributes
                0x000000000000001e       0x34 a:/stm32/stm32/stm32cubeide_1.11.2/stm32cubeide/plugins/com.st.stm32cube.ide.mcu.externaltools.gnu-tools-for-stm32.10.3-2021.10.win32_1.0.100.202210260954/tools/bin/../lib/gcc/arm-none-eabi/10.3.1/thumb/v7e-m+fp/hard/crtbegin.o
 .ARM.attributes
                0x0000000000000052       0x34 ./Core/Src/global.o
 .ARM.attributes
                0x0000000000000086       0x34 ./Core/Src/main.o
 .ARM.attributes
                0x00000000000000ba       0x34 ./Core/Src/stm32f4xx_hal_msp.o
 .ARM.attributes
                0x00000000000000ee       0x34 ./Core/Src/stm32f4xx_it.o
 .ARM.attributes
                0x0000000000000122       0x34 ./Core/Src/system_stm32f4xx.o
 .ARM.attributes
                0x0000000000000156       0x34 ./Core/Src/timer.o
 .ARM.attributes
                0x000000000000018a       0x21 ./Core/Startup/startup_stm32f405rgtx.o
 .ARM.attributes
                0x00000000000001ab       0x34 ./Drivers/STM32F4xx_HAL_Driver/Src/stm32f4xx_hal.o
 .ARM.attributes
                0x00000000000001df       0x34 ./Drivers/STM32F4xx_HAL_Driver/Src/stm32f4xx_hal_adc.o
 .ARM.attributes
                0x0000000000000213       0x34 ./Drivers/STM32F4xx_HAL_Driver/Src/stm32f4xx_hal_can.o
 .ARM.attributes
                0x0000000000000247       0x34 ./Drivers/STM32F4xx_HAL_Driver/Src/stm32f4xx_hal_cortex.o
 .ARM.attributes
                0x000000000000027b       0x34 ./Drivers/STM32F4xx_HAL_Driver/Src/stm32f4xx_hal_dma.o
 .ARM.attributes
                0x00000000000002af       0x34 ./Drivers/STM32F4xx_HAL_Driver/Src/stm32f4xx_hal_gpio.o
 .ARM.attributes
                0x00000000000002e3       0x34 ./Drivers/STM32F4xx_HAL_Driver/Src/stm32f4xx_hal_rcc.o
 .ARM.attributes
                0x0000000000000317       0x34 ./Drivers/STM32F4xx_HAL_Driver/Src/stm32f4xx_hal_tim.o
 .ARM.attributes
                0x000000000000034b       0x34 ./Drivers/STM32F4xx_HAL_Driver/Src/stm32f4xx_hal_tim_ex.o
 .ARM.attributes
                0x000000000000037f       0x34 ./Drivers/STM32F4xx_HAL_Driver/Src/stm32f4xx_hal_uart.o
 .ARM.attributes
                0x00000000000003b3       0x34 a:/stm32/stm32/stm32cubeide_1.11.2/stm32cubeide/plugins/com.st.stm32cube.ide.mcu.externaltools.gnu-tools-for-stm32.10.3-2021.10.win32_1.0.100.202210260954/tools/bin/../lib/gcc/arm-none-eabi/10.3.1/../../../../arm-none-eabi/lib/thumb/v7e-m+fp/hard\libc_nano.a(lib_a-init.o)
 .ARM.attributes
                0x00000000000003e7       0x34 a:/stm32/stm32/stm32cubeide_1.11.2/stm32cubeide/plugins/com.st.stm32cube.ide.mcu.externaltools.gnu-tools-for-stm32.10.3-2021.10.win32_1.0.100.202210260954/tools/bin/../lib/gcc/arm-none-eabi/10.3.1/../../../../arm-none-eabi/lib/thumb/v7e-m+fp/hard\libc_nano.a(lib_a-memset.o)
 .ARM.attributes
                0x000000000000041b       0x1e a:/stm32/stm32/stm32cubeide_1.11.2/stm32cubeide/plugins/com.st.stm32cube.ide.mcu.externaltools.gnu-tools-for-stm32.10.3-2021.10.win32_1.0.100.202210260954/tools/bin/../lib/gcc/arm-none-eabi/10.3.1/thumb/v7e-m+fp/hard\libgcc.a(_aeabi_uldivmod.o)
 .ARM.attributes
                0x0000000000000439       0x34 a:/stm32/stm32/stm32cubeide_1.11.2/stm32cubeide/plugins/com.st.stm32cube.ide.mcu.externaltools.gnu-tools-for-stm32.10.3-2021.10.win32_1.0.100.202210260954/tools/bin/../lib/gcc/arm-none-eabi/10.3.1/thumb/v7e-m+fp/hard\libgcc.a(_udivmoddi4.o)
 .ARM.attributes
                0x000000000000046d       0x1e a:/stm32/stm32/stm32cubeide_1.11.2/stm32cubeide/plugins/com.st.stm32cube.ide.mcu.externaltools.gnu-tools-for-stm32.10.3-2021.10.win32_1.0.100.202210260954/tools/bin/../lib/gcc/arm-none-eabi/10.3.1/thumb/v7e-m+fp/hard\libgcc.a(_dvmd_tls.o)
 .ARM.attributes
                0x000000000000048b       0x1e a:/stm32/stm32/stm32cubeide_1.11.2/stm32cubeide/plugins/com.st.stm32cube.ide.mcu.externaltools.gnu-tools-for-stm32.10.3-2021.10.win32_1.0.100.202210260954/tools/bin/../lib/gcc/arm-none-eabi/10.3.1/thumb/v7e-m+fp/hard/crtn.o
OUTPUT(can_communication.elf elf32-littlearm)
LOAD linker stubs
LOAD a:/stm32/stm32/stm32cubeide_1.11.2/stm32cubeide/plugins/com.st.stm32cube.ide.mcu.externaltools.gnu-tools-for-stm32.10.3-2021.10.win32_1.0.100.202210260954/tools/bin/../lib/gcc/arm-none-eabi/10.3.1/../../../../arm-none-eabi/lib/thumb/v7e-m+fp/hard\libc.a
LOAD a:/stm32/stm32/stm32cubeide_1.11.2/stm32cubeide/plugins/com.st.stm32cube.ide.mcu.externaltools.gnu-tools-for-stm32.10.3-2021.10.win32_1.0.100.202210260954/tools/bin/../lib/gcc/arm-none-eabi/10.3.1/../../../../arm-none-eabi/lib/thumb/v7e-m+fp/hard\libm.a
LOAD a:/stm32/stm32/stm32cubeide_1.11.2/stm32cubeide/plugins/com.st.stm32cube.ide.mcu.externaltools.gnu-tools-for-stm32.10.3-2021.10.win32_1.0.100.202210260954/tools/bin/../lib/gcc/arm-none-eabi/10.3.1/thumb/v7e-m+fp/hard\libgcc.a

.debug_info     0x0000000000000000    0x10fd9
 .debug_info    0x0000000000000000      0x14d ./Core/Src/global.o
 .debug_info    0x000000000000014d     0x2044 ./Core/Src/main.o
 .debug_info    0x0000000000002191     0x1739 ./Core/Src/stm32f4xx_hal_msp.o
 .debug_info    0x00000000000038ca      0xe33 ./Core/Src/stm32f4xx_it.o
 .debug_info    0x00000000000046fd      0x523 ./Core/Src/system_stm32f4xx.o
 .debug_info    0x0000000000004c20      0x17b ./Core/Src/timer.o
 .debug_info    0x0000000000004d9b       0x22 ./Core/Startup/startup_stm32f405rgtx.o
 .debug_info    0x0000000000004dbd      0x96a ./Drivers/STM32F4xx_HAL_Driver/Src/stm32f4xx_hal.o
 .debug_info    0x0000000000005727      0xd70 ./Drivers/STM32F4xx_HAL_Driver/Src/stm32f4xx_hal_adc.o
 .debug_info    0x0000000000006497      0xfc0 ./Drivers/STM32F4xx_HAL_Driver/Src/stm32f4xx_hal_can.o
 .debug_info    0x0000000000007457      0xe09 ./Drivers/STM32F4xx_HAL_Driver/Src/stm32f4xx_hal_cortex.o
 .debug_info    0x0000000000008260      0x94f ./Drivers/STM32F4xx_HAL_Driver/Src/stm32f4xx_hal_dma.o
 .debug_info    0x0000000000008baf      0x76a ./Drivers/STM32F4xx_HAL_Driver/Src/stm32f4xx_hal_gpio.o
 .debug_info    0x0000000000009319      0x966 ./Drivers/STM32F4xx_HAL_Driver/Src/stm32f4xx_hal_rcc.o
 .debug_info    0x0000000000009c7f     0x2bbe ./Drivers/STM32F4xx_HAL_Driver/Src/stm32f4xx_hal_tim.o
 .debug_info    0x000000000000c83d     0x15e0 ./Drivers/STM32F4xx_HAL_Driver/Src/stm32f4xx_hal_tim_ex.o
 .debug_info    0x000000000000de1d     0x31bc ./Drivers/STM32F4xx_HAL_Driver/Src/stm32f4xx_hal_uart.o

.debug_abbrev   0x0000000000000000     0x21fe
 .debug_abbrev  0x0000000000000000       0x7f ./Core/Src/global.o
 .debug_abbrev  0x000000000000007f      0x35c ./Core/Src/main.o
 .debug_abbrev  0x00000000000003db      0x23b ./Core/Src/stm32f4xx_hal_msp.o
 .debug_abbrev  0x0000000000000616      0x1fc ./Core/Src/stm32f4xx_it.o
 .debug_abbrev  0x0000000000000812      0x116 ./Core/Src/system_stm32f4xx.o
 .debug_abbrev  0x0000000000000928       0xc1 ./Core/Src/timer.o
 .debug_abbrev  0x00000000000009e9       0x12 ./Core/Startup/startup_stm32f405rgtx.o
 .debug_abbrev  0x00000000000009fb      0x20d ./Drivers/STM32F4xx_HAL_Driver/Src/stm32f4xx_hal.o
 .debug_abbrev  0x0000000000000c08      0x244 ./Drivers/STM32F4xx_HAL_Driver/Src/stm32f4xx_hal_adc.o
 .debug_abbrev  0x0000000000000e4c      0x21d ./Drivers/STM32F4xx_HAL_Driver/Src/stm32f4xx_hal_can.o
 .debug_abbrev  0x0000000000001069      0x316 ./Drivers/STM32F4xx_HAL_Driver/Src/stm32f4xx_hal_cortex.o
 .debug_abbrev  0x000000000000137f      0x25b ./Drivers/STM32F4xx_HAL_Driver/Src/stm32f4xx_hal_dma.o
 .debug_abbrev  0x00000000000015da      0x1c4 ./Drivers/STM32F4xx_HAL_Driver/Src/stm32f4xx_hal_gpio.o
 .debug_abbrev  0x000000000000179e      0x2aa ./Drivers/STM32F4xx_HAL_Driver/Src/stm32f4xx_hal_rcc.o
 .debug_abbrev  0x0000000000001a48      0x25d ./Drivers/STM32F4xx_HAL_Driver/Src/stm32f4xx_hal_tim.o
 .debug_abbrev  0x0000000000001ca5      0x265 ./Drivers/STM32F4xx_HAL_Driver/Src/stm32f4xx_hal_tim_ex.o
 .debug_abbrev  0x0000000000001f0a      0x2f4 ./Drivers/STM32F4xx_HAL_Driver/Src/stm32f4xx_hal_uart.o

.debug_aranges  0x0000000000000000      0xee8
 .debug_aranges
                0x0000000000000000       0x18 ./Core/Src/global.o
 .debug_aranges
                0x0000000000000018       0x90 ./Core/Src/main.o
 .debug_aranges
                0x00000000000000a8       0x60 ./Core/Src/stm32f4xx_hal_msp.o
 .debug_aranges
                0x0000000000000108       0x88 ./Core/Src/stm32f4xx_it.o
 .debug_aranges
                0x0000000000000190       0x28 ./Core/Src/system_stm32f4xx.o
 .debug_aranges
                0x00000000000001b8       0x38 ./Core/Src/timer.o
 .debug_aranges
                0x00000000000001f0       0x28 ./Core/Startup/startup_stm32f405rgtx.o
 .debug_aranges
                0x0000000000000218       0xf0 ./Drivers/STM32F4xx_HAL_Driver/Src/stm32f4xx_hal.o
 .debug_aranges
                0x0000000000000308       0xe8 ./Drivers/STM32F4xx_HAL_Driver/Src/stm32f4xx_hal_adc.o
 .debug_aranges
                0x00000000000003f0      0x138 ./Drivers/STM32F4xx_HAL_Driver/Src/stm32f4xx_hal_can.o
 .debug_aranges
                0x0000000000000528      0x118 ./Drivers/STM32F4xx_HAL_Driver/Src/stm32f4xx_hal_cortex.o
 .debug_aranges
                0x0000000000000640       0x90 ./Drivers/STM32F4xx_HAL_Driver/Src/stm32f4xx_hal_dma.o
 .debug_aranges
                0x00000000000006d0       0x58 ./Drivers/STM32F4xx_HAL_Driver/Src/stm32f4xx_hal_gpio.o
 .debug_aranges
                0x0000000000000728       0x88 ./Drivers/STM32F4xx_HAL_Driver/Src/stm32f4xx_hal_rcc.o
 .debug_aranges
                0x00000000000007b0      0x3d0 ./Drivers/STM32F4xx_HAL_Driver/Src/stm32f4xx_hal_tim.o
 .debug_aranges
                0x0000000000000b80      0x168 ./Drivers/STM32F4xx_HAL_Driver/Src/stm32f4xx_hal_tim_ex.o
 .debug_aranges
                0x0000000000000ce8      0x200 ./Drivers/STM32F4xx_HAL_Driver/Src/stm32f4xx_hal_uart.o

.debug_macro    0x0000000000000000    0x2108f
 .debug_macro   0x0000000000000000      0x21a ./Core/Src/global.o
 .debug_macro   0x000000000000021a      0xa78 ./Core/Src/global.o
 .debug_macro   0x0000000000000c92      0x2a7 ./Core/Src/global.o
 .debug_macro   0x0000000000000f39       0x2e ./Core/Src/global.o
 .debug_macro   0x0000000000000f67       0x2f ./Core/Src/global.o
 .debug_macro   0x0000000000000f96       0x22 ./Core/Src/global.o
 .debug_macro   0x0000000000000fb8       0x8e ./Core/Src/global.o
 .debug_macro   0x0000000000001046       0x51 ./Core/Src/global.o
 .debug_macro   0x0000000000001097      0x103 ./Core/Src/global.o
 .debug_macro   0x000000000000119a       0x6a ./Core/Src/global.o
 .debug_macro   0x0000000000001204      0x1df ./Core/Src/global.o
 .debug_macro   0x00000000000013e3       0x1c ./Core/Src/global.o
 .debug_macro   0x00000000000013ff       0x22 ./Core/Src/global.o
 .debug_macro   0x0000000000001421       0xd9 ./Core/Src/global.o
 .debug_macro   0x00000000000014fa     0x102d ./Core/Src/global.o
 .debug_macro   0x0000000000002527      0x11f ./Core/Src/global.o
 .debug_macro   0x0000000000002646    0x1426d ./Core/Src/global.o
 .debug_macro   0x00000000000168b3       0x6d ./Core/Src/global.o
 .debug_macro   0x0000000000016920     0x367e ./Core/Src/global.o
 .debug_macro   0x0000000000019f9e      0x174 ./Core/Src/global.o
 .debug_macro   0x000000000001a112       0x5c ./Core/Src/global.o
 .debug_macro   0x000000000001a16e      0x8a7 ./Core/Src/global.o
 .debug_macro   0x000000000001aa15      0x9fe ./Core/Src/global.o
 .debug_macro   0x000000000001b413      0x115 ./Core/Src/global.o
 .debug_macro   0x000000000001b528      0x130 ./Core/Src/global.o
 .debug_macro   0x000000000001b658       0xa5 ./Core/Src/global.o
 .debug_macro   0x000000000001b6fd      0x174 ./Core/Src/global.o
 .debug_macro   0x000000000001b871      0x287 ./Core/Src/global.o
 .debug_macro   0x000000000001baf8       0x5f ./Core/Src/global.o
 .debug_macro   0x000000000001bb57      0x236 ./Core/Src/global.o
 .debug_macro   0x000000000001bd8d      0xb5b ./Core/Src/global.o
 .debug_macro   0x000000000001c8e8      0x38b ./Core/Src/global.o
 .debug_macro   0x000000000001cc73      0x176 ./Core/Src/global.o
 .debug_macro   0x000000000001cde9       0xf9 ./Core/Src/global.o
 .debug_macro   0x000000000001cee2      0x40f ./Core/Src/global.o
 .debug_macro   0x000000000001d2f1      0x12c ./Core/Src/global.o
 .debug_macro   0x000000000001d41d      0x21e ./Core/Src/global.o
 .debug_macro   0x000000000001d63b       0x2e ./Core/Src/global.o
 .debug_macro   0x000000000001d669      0x11a ./Core/Src/global.o
 .debug_macro   0x000000000001d783       0x7e ./Core/Src/global.o
 .debug_macro   0x000000000001d801       0x89 ./Core/Src/global.o
 .debug_macro   0x000000000001d88a      0x8e6 ./Core/Src/global.o
 .debug_macro   0x000000000001e170       0x47 ./Core/Src/global.o
 .debug_macro   0x000000000001e1b7      0x295 ./Core/Src/global.o
 .debug_macro   0x000000000001e44c      0x12d ./Core/Src/global.o
 .debug_macro   0x000000000001e579      0x380 ./Core/Src/main.o
 .debug_macro   0x000000000001e8f9       0x10 ./Core/Src/main.o
 .debug_macro   0x000000000001e909       0x52 ./Core/Src/main.o
 .debug_macro   0x000000000001e95b       0x1e ./Core/Src/main.o
 .debug_macro   0x000000000001e979       0x3c ./Core/Src/main.o
 .debug_macro   0x000000000001e9b5       0x34 ./Core/Src/main.o
 .debug_macro   0x000000000001e9e9       0x16 ./Core/Src/main.o
 .debug_macro   0x000000000001e9ff       0x35 ./Core/Src/main.o
 .debug_macro   0x000000000001ea34      0x341 ./Core/Src/main.o
 .debug_macro   0x000000000001ed75       0x10 ./Core/Src/main.o
 .debug_macro   0x000000000001ed85       0x16 ./Core/Src/main.o
 .debug_macro   0x000000000001ed9b       0x43 ./Core/Src/main.o
 .debug_macro   0x000000000001edde       0x34 ./Core/Src/main.o
 .debug_macro   0x000000000001ee12       0x10 ./Core/Src/main.o
 .debug_macro   0x000000000001ee22       0x58 ./Core/Src/main.o
 .debug_macro   0x000000000001ee7a       0x71 ./Core/Src/main.o
 .debug_macro   0x000000000001eeeb       0x1c ./Core/Src/main.o
 .debug_macro   0x000000000001ef07      0x12a ./Core/Src/main.o
 .debug_macro   0x000000000001f031       0x10 ./Core/Src/main.o
 .debug_macro   0x000000000001f041       0x1c ./Core/Src/main.o
 .debug_macro   0x000000000001f05d       0x52 ./Core/Src/main.o
 .debug_macro   0x000000000001f0af       0x22 ./Core/Src/main.o
 .debug_macro   0x000000000001f0d1       0x10 ./Core/Src/main.o
 .debug_macro   0x000000000001f0e1       0x52 ./Core/Src/main.o
 .debug_macro   0x000000000001f133       0xd5 ./Core/Src/main.o
 .debug_macro   0x000000000001f208       0x1c ./Core/Src/main.o
 .debug_macro   0x000000000001f224       0x3d ./Core/Src/main.o
 .debug_macro   0x000000000001f261       0x16 ./Core/Src/main.o
 .debug_macro   0x000000000001f277      0x145 ./Core/Src/main.o
 .debug_macro   0x000000000001f3bc      0x20a ./Core/Src/stm32f4xx_hal_msp.o
 .debug_macro   0x000000000001f5c6      0x214 ./Core/Src/stm32f4xx_it.o
 .debug_macro   0x000000000001f7da      0x200 ./Core/Src/system_stm32f4xx.o
 .debug_macro   0x000000000001f9da      0x21a ./Core/Src/timer.o
 .debug_macro   0x000000000001fbf4      0x260 ./Drivers/STM32F4xx_HAL_Driver/Src/stm32f4xx_hal.o
 .debug_macro   0x000000000001fe54      0x201 ./Drivers/STM32F4xx_HAL_Driver/Src/stm32f4xx_hal_adc.o
 .debug_macro   0x0000000000020055      0x208 ./Drivers/STM32F4xx_HAL_Driver/Src/stm32f4xx_hal_can.o
 .debug_macro   0x000000000002025d      0x200 ./Drivers/STM32F4xx_HAL_Driver/Src/stm32f4xx_hal_cortex.o
 .debug_macro   0x000000000002045d      0x206 ./Drivers/STM32F4xx_HAL_Driver/Src/stm32f4xx_hal_dma.o
 .debug_macro   0x0000000000020663      0x206 ./Drivers/STM32F4xx_HAL_Driver/Src/stm32f4xx_hal_gpio.o
 .debug_macro   0x0000000000020869      0x224 ./Drivers/STM32F4xx_HAL_Driver/Src/stm32f4xx_hal_rcc.o
 .debug_macro   0x0000000000020a8d      0x201 ./Drivers/STM32F4xx_HAL_Driver/Src/stm32f4xx_hal_tim.o
 .debug_macro   0x0000000000020c8e      0x200 ./Drivers/STM32F4xx_HAL_Driver/Src/stm32f4xx_hal_tim_ex.o
 .debug_macro   0x0000000000020e8e      0x201 ./Drivers/STM32F4xx_HAL_Driver/Src/stm32f4xx_hal_uart.o

.debug_line     0x0000000000000000    0x11669
 .debug_line    0x0000000000000000      0x72e ./Core/Src/global.o
 .debug_line    0x000000000000072e      0xd9a ./Core/Src/main.o
 .debug_line    0x00000000000014c8      0x8ca ./Core/Src/stm32f4xx_hal_msp.o
 .debug_line    0x0000000000001d92      0x880 ./Core/Src/stm32f4xx_it.o
 .debug_line    0x0000000000002612      0x7c7 ./Core/Src/system_stm32f4xx.o
 .debug_line    0x0000000000002dd9      0x7cd ./Core/Src/timer.o
 .debug_line    0x00000000000035a6       0x88 ./Core/Startup/startup_stm32f405rgtx.o
 .debug_line    0x000000000000362e      0xa2d ./Drivers/STM32F4xx_HAL_Driver/Src/stm32f4xx_hal.o
 .debug_line    0x000000000000405b     0x12a3 ./Drivers/STM32F4xx_HAL_Driver/Src/stm32f4xx_hal_adc.o
 .debug_line    0x00000000000052fe     0x1199 ./Drivers/STM32F4xx_HAL_Driver/Src/stm32f4xx_hal_can.o
 .debug_line    0x0000000000006497      0xcdc ./Drivers/STM32F4xx_HAL_Driver/Src/stm32f4xx_hal_cortex.o
 .debug_line    0x0000000000007173      0xf91 ./Drivers/STM32F4xx_HAL_Driver/Src/stm32f4xx_hal_dma.o
 .debug_line    0x0000000000008104      0xba1 ./Drivers/STM32F4xx_HAL_Driver/Src/stm32f4xx_hal_gpio.o
 .debug_line    0x0000000000008ca5      0xda7 ./Drivers/STM32F4xx_HAL_Driver/Src/stm32f4xx_hal_rcc.o
 .debug_line    0x0000000000009a4c     0x3721 ./Drivers/STM32F4xx_HAL_Driver/Src/stm32f4xx_hal_tim.o
 .debug_line    0x000000000000d16d     0x1a2a ./Drivers/STM32F4xx_HAL_Driver/Src/stm32f4xx_hal_tim_ex.o
 .debug_line    0x000000000000eb97     0x2ad2 ./Drivers/STM32F4xx_HAL_Driver/Src/stm32f4xx_hal_uart.o

.debug_str      0x0000000000000000    0xcf3e1
 .debug_str     0x0000000000000000    0xc6e16 ./Core/Src/global.o
                                      0xc7086 (size before relaxing)
 .debug_str     0x00000000000c6e16     0x5472 ./Core/Src/main.o
                                      0xcc66c (size before relaxing)
 .debug_str     0x00000000000cc288      0x10c ./Core/Src/stm32f4xx_hal_msp.o
                                      0xc8254 (size before relaxing)
 .debug_str     0x00000000000cc394      0x17b ./Core/Src/stm32f4xx_it.o
                                      0xc7b2e (size before relaxing)
 .debug_str     0x00000000000cc50f       0xdb ./Core/Src/system_stm32f4xx.o
                                      0xc71f0 (size before relaxing)
 .debug_str     0x00000000000cc5ea       0x6f ./Core/Src/timer.o
                                      0xc70af (size before relaxing)
 .debug_str     0x00000000000cc659       0x36 ./Core/Startup/startup_stm32f405rgtx.o
                                         0x43 (size before relaxing)
 .debug_str     0x00000000000cc68f      0x60d ./Drivers/STM32F4xx_HAL_Driver/Src/stm32f4xx_hal.o
                                      0xc7d53 (size before relaxing)
 .debug_str     0x00000000000ccc9c      0x2c3 ./Drivers/STM32F4xx_HAL_Driver/Src/stm32f4xx_hal_adc.o
                                      0xc77dd (size before relaxing)
 .debug_str     0x00000000000ccf5f      0x397 ./Drivers/STM32F4xx_HAL_Driver/Src/stm32f4xx_hal_can.o
                                      0xc78dc (size before relaxing)
 .debug_str     0x00000000000cd2f6      0x326 ./Drivers/STM32F4xx_HAL_Driver/Src/stm32f4xx_hal_cortex.o
                                      0xc7a86 (size before relaxing)
 .debug_str     0x00000000000cd61c      0x2f6 ./Drivers/STM32F4xx_HAL_Driver/Src/stm32f4xx_hal_dma.o
                                      0xc760a (size before relaxing)
 .debug_str     0x00000000000cd912       0xd0 ./Drivers/STM32F4xx_HAL_Driver/Src/stm32f4xx_hal_gpio.o
                                      0xc736b (size before relaxing)
 .debug_str     0x00000000000cd9e2      0x233 ./Drivers/STM32F4xx_HAL_Driver/Src/stm32f4xx_hal_rcc.o
                                      0xc7624 (size before relaxing)
 .debug_str     0x00000000000cdc15      0xd95 ./Drivers/STM32F4xx_HAL_Driver/Src/stm32f4xx_hal_tim.o
                                      0xc856a (size before relaxing)
 .debug_str     0x00000000000ce9aa      0x493 ./Drivers/STM32F4xx_HAL_Driver/Src/stm32f4xx_hal_tim_ex.o
                                      0xc7d86 (size before relaxing)
 .debug_str     0x00000000000cee3d      0x5a4 ./Drivers/STM32F4xx_HAL_Driver/Src/stm32f4xx_hal_uart.o
                                      0xc7bc3 (size before relaxing)

.comment        0x0000000000000000       0x50
 .comment       0x0000000000000000       0x50 ./Core/Src/global.o
                                         0x51 (size before relaxing)
 .comment       0x0000000000000050       0x51 ./Core/Src/main.o
 .comment       0x0000000000000050       0x51 ./Core/Src/stm32f4xx_hal_msp.o
 .comment       0x0000000000000050       0x51 ./Core/Src/stm32f4xx_it.o
 .comment       0x0000000000000050       0x51 ./Core/Src/system_stm32f4xx.o
 .comment       0x0000000000000050       0x51 ./Core/Src/timer.o
 .comment       0x0000000000000050       0x51 ./Drivers/STM32F4xx_HAL_Driver/Src/stm32f4xx_hal.o
 .comment       0x0000000000000050       0x51 ./Drivers/STM32F4xx_HAL_Driver/Src/stm32f4xx_hal_adc.o
 .comment       0x0000000000000050       0x51 ./Drivers/STM32F4xx_HAL_Driver/Src/stm32f4xx_hal_can.o
 .comment       0x0000000000000050       0x51 ./Drivers/STM32F4xx_HAL_Driver/Src/stm32f4xx_hal_cortex.o
 .comment       0x0000000000000050       0x51 ./Drivers/STM32F4xx_HAL_Driver/Src/stm32f4xx_hal_dma.o
 .comment       0x0000000000000050       0x51 ./Drivers/STM32F4xx_HAL_Driver/Src/stm32f4xx_hal_gpio.o
 .comment       0x0000000000000050       0x51 ./Drivers/STM32F4xx_HAL_Driver/Src/stm32f4xx_hal_rcc.o
 .comment       0x0000000000000050       0x51 ./Drivers/STM32F4xx_HAL_Driver/Src/stm32f4xx_hal_tim.o
 .comment       0x0000000000000050       0x51 ./Drivers/STM32F4xx_HAL_Driver/Src/stm32f4xx_hal_tim_ex.o
 .comment       0x0000000000000050       0x51 ./Drivers/STM32F4xx_HAL_Driver/Src/stm32f4xx_hal_uart.o

.debug_ranges   0x0000000000000000      0xe08
 .debug_ranges  0x0000000000000000       0x80 ./Core/Src/main.o
 .debug_ranges  0x0000000000000080       0x50 ./Core/Src/stm32f4xx_hal_msp.o
 .debug_ranges  0x00000000000000d0       0x78 ./Core/Src/stm32f4xx_it.o
 .debug_ranges  0x0000000000000148       0x18 ./Core/Src/system_stm32f4xx.o
 .debug_ranges  0x0000000000000160       0x28 ./Core/Src/timer.o
 .debug_ranges  0x0000000000000188       0x20 ./Core/Startup/startup_stm32f405rgtx.o
 .debug_ranges  0x00000000000001a8       0xe0 ./Drivers/STM32F4xx_HAL_Driver/Src/stm32f4xx_hal.o
 .debug_ranges  0x0000000000000288       0xd8 ./Drivers/STM32F4xx_HAL_Driver/Src/stm32f4xx_hal_adc.o
 .debug_ranges  0x0000000000000360      0x128 ./Drivers/STM32F4xx_HAL_Driver/Src/stm32f4xx_hal_can.o
 .debug_ranges  0x0000000000000488      0x108 ./Drivers/STM32F4xx_HAL_Driver/Src/stm32f4xx_hal_cortex.o
 .debug_ranges  0x0000000000000590       0x80 ./Drivers/STM32F4xx_HAL_Driver/Src/stm32f4xx_hal_dma.o
 .debug_ranges  0x0000000000000610       0x48 ./Drivers/STM32F4xx_HAL_Driver/Src/stm32f4xx_hal_gpio.o
 .debug_ranges  0x0000000000000658       0x78 ./Drivers/STM32F4xx_HAL_Driver/Src/stm32f4xx_hal_rcc.o
 .debug_ranges  0x00000000000006d0      0x3c0 ./Drivers/STM32F4xx_HAL_Driver/Src/stm32f4xx_hal_tim.o
 .debug_ranges  0x0000000000000a90      0x158 ./Drivers/STM32F4xx_HAL_Driver/Src/stm32f4xx_hal_tim_ex.o
 .debug_ranges  0x0000000000000be8      0x220 ./Drivers/STM32F4xx_HAL_Driver/Src/stm32f4xx_hal_uart.o

.debug_frame    0x0000000000000000     0x3f10
 .debug_frame   0x0000000000000000      0x21c ./Core/Src/main.o
 .debug_frame   0x000000000000021c      0x158 ./Core/Src/stm32f4xx_hal_msp.o
 .debug_frame   0x0000000000000374      0x190 ./Core/Src/stm32f4xx_it.o
 .debug_frame   0x0000000000000504       0x58 ./Core/Src/system_stm32f4xx.o
 .debug_frame   0x000000000000055c       0xa8 ./Core/Src/timer.o
 .debug_frame   0x0000000000000604      0x374 ./Drivers/STM32F4xx_HAL_Driver/Src/stm32f4xx_hal.o
 .debug_frame   0x0000000000000978      0x3fc ./Drivers/STM32F4xx_HAL_Driver/Src/stm32f4xx_hal_adc.o
 .debug_frame   0x0000000000000d74      0x5a0 ./Drivers/STM32F4xx_HAL_Driver/Src/stm32f4xx_hal_can.o
 .debug_frame   0x0000000000001314      0x498 ./Drivers/STM32F4xx_HAL_Driver/Src/stm32f4xx_hal_cortex.o
 .debug_frame   0x00000000000017ac      0x250 ./Drivers/STM32F4xx_HAL_Driver/Src/stm32f4xx_hal_dma.o
 .debug_frame   0x00000000000019fc      0x14c ./Drivers/STM32F4xx_HAL_Driver/Src/stm32f4xx_hal_gpio.o
 .debug_frame   0x0000000000001b48      0x1f4 ./Drivers/STM32F4xx_HAL_Driver/Src/stm32f4xx_hal_rcc.o
 .debug_frame   0x0000000000001d3c     0x11c4 ./Drivers/STM32F4xx_HAL_Driver/Src/stm32f4xx_hal_tim.o
 .debug_frame   0x0000000000002f00      0x638 ./Drivers/STM32F4xx_HAL_Driver/Src/stm32f4xx_hal_tim_ex.o
 .debug_frame   0x0000000000003538      0x92c ./Drivers/STM32F4xx_HAL_Driver/Src/stm32f4xx_hal_uart.o
 .debug_frame   0x0000000000003e64       0x2c a:/stm32/stm32/stm32cubeide_1.11.2/stm32cubeide/plugins/com.st.stm32cube.ide.mcu.externaltools.gnu-tools-for-stm32.10.3-2021.10.win32_1.0.100.202210260954/tools/bin/../lib/gcc/arm-none-eabi/10.3.1/../../../../arm-none-eabi/lib/thumb/v7e-m+fp/hard\libc_nano.a(lib_a-init.o)
 .debug_frame   0x0000000000003e90       0x20 a:/stm32/stm32/stm32cubeide_1.11.2/stm32cubeide/plugins/com.st.stm32cube.ide.mcu.externaltools.gnu-tools-for-stm32.10.3-2021.10.win32_1.0.100.202210260954/tools/bin/../lib/gcc/arm-none-eabi/10.3.1/../../../../arm-none-eabi/lib/thumb/v7e-m+fp/hard\libc_nano.a(lib_a-memset.o)
 .debug_frame   0x0000000000003eb0       0x2c a:/stm32/stm32/stm32cubeide_1.11.2/stm32cubeide/plugins/com.st.stm32cube.ide.mcu.externaltools.gnu-tools-for-stm32.10.3-2021.10.win32_1.0.100.202210260954/tools/bin/../lib/gcc/arm-none-eabi/10.3.1/thumb/v7e-m+fp/hard\libgcc.a(_aeabi_uldivmod.o)
 .debug_frame   0x0000000000003edc       0x34 a:/stm32/stm32/stm32cubeide_1.11.2/stm32cubeide/plugins/com.st.stm32cube.ide.mcu.externaltools.gnu-tools-for-stm32.10.3-2021.10.win32_1.0.100.202210260954/tools/bin/../lib/gcc/arm-none-eabi/10.3.1/thumb/v7e-m+fp/hard\libgcc.a(_udivmoddi4.o)
