../Core/Src/LCD_driver.c:16:9:spi1_communication	24	static
../Core/Src/LCD_driver.c:52:6:lcd_write_byte	16	static
../Core/Src/LCD_driver.c:71:6:lcd_write_word	16	static
../Core/Src/LCD_driver.c:86:6:lcd_write_command	16	static
../Core/Src/LCD_driver.c:97:6:delay_ms	24	static
../Core/Src/LCD_driver.c:110:6:lcd_init	8	static
../Core/Src/LCD_driver.c:251:6:lcd_clear_screen	24	static
../Core/Src/LCD_driver.c:295:6:lcd_set_cursor	16	static
../Core/Src/LCD_driver.c:324:6:lcd_display_char	32	static
../Core/Src/LCD_driver.c:383:6:lcd_display_string	40	static
../Core/Src/LCD_driver.c:416:6:lcd_display_GB2312	32	static
../Core/Src/LCD_driver.c:454:6:lcd_draw_dot	16	static
../Core/Src/LCD_driver.c:476:6:lcd_draw_bigdot	24	static
../Core/Src/LCD_driver.c:499:17:_pow	24	static
../Core/Src/LCD_driver.c:517:6:lcd_display_num	48	static
../Core/Src/LCD_driver.c:551:6:lcd_draw_line	56	static
../Core/Src/LCD_driver.c:587:6:lcd_draw_circle	40	static
../Core/Src/LCD_driver.c:619:6:lcd_fill_rect	32	static
../Core/Src/LCD_driver.c:644:6:lcd_draw_v_line	32	static
../Core/Src/LCD_driver.c:666:6:lcd_draw_h_line	32	static
../Core/Src/LCD_driver.c:689:6:lcd_draw_rect	24	static
../Core/Src/LCD_driver.c:712:6:lcd_clear_Rect	32	static
