../Core/Src/main.c:83:6:HAL_CAN_RxFifo0MsgPendingCallback	16	static
../Core/Src/main.c:95:6:HAL_UART_RxCpltCallback	16	static
../Core/Src/main.c:110:5:main	8	static
../Core/Src/main.c:198:6:SystemClock_Config	88	static
../Core/Src/main.c:240:13:MX_ADC1_Init	24	static
../Core/Src/main.c:292:13:MX_CAN1_Init	48	static
../Core/Src/main.c:342:13:MX_CAN2_Init	48	static
../Core/Src/main.c:392:13:MX_TIM2_Init	32	static
../Core/Src/main.c:437:13:MX_USART2_UART_Init	8	static
../Core/Src/main.c:470:13:MX_GPIO_Init	48	static
../Core/Src/main.c:503:9:calculate_crc_sae_j1850	32	static
../Core/Src/main.c:521:6:HAL_TIM_PeriodElapsedCallback	16	static
../Core/Src/main.c:535:6:Error_Handler	4	static,ignoring_inline_asm
