../Core/Src/main.c:83:6:HAL_CAN_RxFifo0MsgPendingCallback	16	static
../Core/Src/main.c:96:6:HAL_UART_RxCpltCallback	16	static
../Core/Src/main.c:115:5:main	24	static
../Core/Src/main.c:209:6:SystemClock_Config	88	static
../Core/Src/main.c:251:13:MX_CAN1_Init	48	static
../Core/Src/main.c:301:13:MX_SPI1_Init	8	static
../Core/Src/main.c:339:13:MX_TIM2_Init	32	static
../Core/Src/main.c:384:13:MX_USART2_UART_Init	8	static
../Core/Src/main.c:417:13:MX_GPIO_Init	48	static
../Core/Src/main.c:459:9:calculate_crc_sae_j1850	32	static
../Core/Src/main.c:477:6:HAL_TIM_PeriodElapsedCallback	16	static
../Core/Src/main.c:491:6:Error_Handler	4	static,ignoring_inline_asm
